2025-11-30 12:40:18 - video_production_app.Api - INFO - API initialized
2025-11-30 12:40:21 - video_production_app.Api - INFO - Getting app configuration
2025-11-30 12:40:21 - video_production_app.Api - INFO - ✅ Found FFmpeg locally.
2025-11-30 12:40:21 - video_production_app.Api - INFO - ✅ Found FFprobe locally.
2025-11-30 12:40:21 - video_production_app.Api - DEBUG - Starting encoder detection
2025-11-30 12:40:21 - video_production_app.Api - INFO - 🔍 Detecting available GPU encoders...
2025-11-30 12:40:21 - video_production_app.Api - INFO - 📋 FFmpeg encoder list length: 14046 chars
2025-11-30 12:40:21 - video_production_app.Api - INFO - ✓ Found: NVIDIA (H.264) (h264_nvenc)
2025-11-30 12:40:21 - video_production_app.Api - INFO - ✓ Found: NVIDIA (HEVC) (hevc_nvenc)
2025-11-30 12:40:21 - video_production_app.Api - INFO - ✓ Found: AMD (H.264) (h264_amf)
2025-11-30 12:40:21 - video_production_app.Api - INFO - ✓ Found: AMD (HEVC) (hevc_amf)
2025-11-30 12:40:21 - video_production_app.Api - INFO - ✓ Found: Intel (H.264) (h264_qsv)
2025-11-30 12:40:21 - video_production_app.Api - INFO - ✓ Found: Intel (HEVC) (hevc_qsv)
2025-11-30 12:40:21 - video_production_app.Api - INFO - ✓ Found: CPU (x264) (libx264)
2025-11-30 12:40:21 - video_production_app.Api - INFO - ✅ Found 6 compatible hardware encoder(s).
2025-11-30 12:40:21 - video_production_app.Api - INFO - Found 8 encoder(s): ['Automatic (Best GPU)', 'NVIDIA (H.264)', 'NVIDIA (HEVC)', 'AMD (H.264)', 'AMD (HEVC)', 'Intel (H.264)', 'Intel (HEVC)', 'CPU (x264)']
2025-11-30 12:40:21 - video_production_app.Api - INFO - 📊 Encoder detection complete. Found 8 option(s).
2025-11-30 12:40:21 - video_production_app.Api - DEBUG - Returning config with 8 encoders
2025-11-30 12:40:21 - video_production_app.Api - DEBUG - Getting AI settings
2025-11-30 12:40:25 - video_production_app.Api - INFO - Loading video: E:/lesage_november_task/deliverables/video_pipeline/download/1.mkv
2025-11-30 12:40:25 - video_production_app.Api - INFO - 🔎 Scanning for audio tracks in 1.mkv...

2025-11-30 12:40:25 - video_production_app.Api - INFO - ✅ Found 1 audio track(s).

2025-11-30 12:40:25 - video_production_app.Api - INFO - Successfully loaded video: 1.mkv (211.40s, 1 tracks)
2025-11-30 12:40:30 - video_production_app.Api - INFO - Detecting silence for E:/lesage_november_task/deliverables/video_pipeline/download/1.mkv on track 1
2025-11-30 12:40:30 - video_production_app.Api - INFO - 🔎 Scanning for audio tracks in 1.mkv...

2025-11-30 12:40:30 - video_production_app.Api - INFO - ✅ Found 1 audio track(s).

2025-11-30 12:40:30 - video_production_app.Api - INFO - 🤫 Detecting silence in track 1...

2025-11-30 12:40:30 - video_production_app.Api - INFO - 🔍 Found 25 audible segments and 25 silent segments.

2025-11-30 12:40:30 - video_production_app.Api - INFO - Found 50 segments
2025-11-30 12:40:30 - video_production_app.Api - INFO - Extracting waveforms for all tracks in E:/lesage_november_task/deliverables/video_pipeline/download/1.mkv...
2025-11-30 12:40:30 - video_production_app.Api - INFO - Preparing to extract waveforms for 1 track(s)
2025-11-30 12:40:30 - video_production_app.Api - INFO -   Track 0: stream_index=1, name=Track 1 (pcm_s16le)
2025-11-30 12:40:30 - video_production_app.Api - INFO - Waveform: 🔍 Starting waveform extraction for 1 track(s)...
2025-11-30 12:40:30 - video_production_app.Api - INFO - Waveform: 📊 Extracting waveform for Track 1...
2025-11-30 12:40:32 - video_production_app.Api - INFO - Waveform: ✅ Extracted 1 waveforms!
2025-11-30 12:40:32 - video_production_app.Api - INFO - Waveform extraction returned 1 waveforms
2025-11-30 12:40:32 - video_production_app.Api - INFO - Processing waveform for track 0, shape: (4660736,)
2025-11-30 12:40:32 - video_production_app.Api - INFO -   Downsampled to 1258 points
2025-11-30 12:40:32 - video_production_app.Api - INFO - Successfully processed 1 waveforms for frontend
2025-11-30 12:40:32 - video_production_app.Api - DEBUG - Cached multi-track waveforms for E:/lesage_november_task/deliverables/video_pipeline/download/1.mkv
2025-11-30 12:41:10 - video_production_app.Api - INFO - API initialized
2025-11-30 12:41:12 - video_production_app.Api - INFO - Getting app configuration
2025-11-30 12:41:12 - video_production_app.Api - INFO - ✅ Found FFmpeg locally.
2025-11-30 12:41:12 - video_production_app.Api - INFO - ✅ Found FFprobe locally.
2025-11-30 12:41:12 - video_production_app.Api - DEBUG - Starting encoder detection
2025-11-30 12:41:12 - video_production_app.Api - INFO - 🔍 Detecting available GPU encoders...
2025-11-30 12:41:12 - video_production_app.Api - INFO - 📋 FFmpeg encoder list length: 14046 chars
2025-11-30 12:41:12 - video_production_app.Api - INFO - ✓ Found: NVIDIA (H.264) (h264_nvenc)
2025-11-30 12:41:12 - video_production_app.Api - INFO - ✓ Found: NVIDIA (HEVC) (hevc_nvenc)
2025-11-30 12:41:12 - video_production_app.Api - INFO - ✓ Found: AMD (H.264) (h264_amf)
2025-11-30 12:41:12 - video_production_app.Api - INFO - ✓ Found: AMD (HEVC) (hevc_amf)
2025-11-30 12:41:12 - video_production_app.Api - INFO - ✓ Found: Intel (H.264) (h264_qsv)
2025-11-30 12:41:12 - video_production_app.Api - INFO - ✓ Found: Intel (HEVC) (hevc_qsv)
2025-11-30 12:41:12 - video_production_app.Api - INFO - ✓ Found: CPU (x264) (libx264)
2025-11-30 12:41:12 - video_production_app.Api - INFO - ✅ Found 6 compatible hardware encoder(s).
2025-11-30 12:41:12 - video_production_app.Api - INFO - Found 8 encoder(s): ['Automatic (Best GPU)', 'NVIDIA (H.264)', 'NVIDIA (HEVC)', 'AMD (H.264)', 'AMD (HEVC)', 'Intel (H.264)', 'Intel (HEVC)', 'CPU (x264)']
2025-11-30 12:41:12 - video_production_app.Api - INFO - 📊 Encoder detection complete. Found 8 option(s).
2025-11-30 12:41:12 - video_production_app.Api - DEBUG - Returning config with 8 encoders
2025-11-30 12:41:12 - video_production_app.Api - DEBUG - Getting AI settings
2025-11-30 12:41:17 - video_production_app.Api - INFO - Loading video: E:/lesage_november_task/deliverables/video_pipeline/download/1.mkv
2025-11-30 12:41:17 - video_production_app.Api - INFO - 🔎 Scanning for audio tracks in 1.mkv...

2025-11-30 12:41:17 - video_production_app.Api - INFO - ✅ Found 1 audio track(s).

2025-11-30 12:41:17 - video_production_app.Api - INFO - Successfully loaded video: 1.mkv (211.40s, 1 tracks)
2025-11-30 12:41:19 - video_production_app.Api - INFO - Detecting silence for E:/lesage_november_task/deliverables/video_pipeline/download/1.mkv on track 1
2025-11-30 12:41:19 - video_production_app.Api - INFO - 🔎 Scanning for audio tracks in 1.mkv...

2025-11-30 12:41:19 - video_production_app.Api - INFO - ✅ Found 1 audio track(s).

2025-11-30 12:41:19 - video_production_app.Api - INFO - 🤫 Detecting silence in track 1...

2025-11-30 12:41:19 - video_production_app.Api - INFO - 🔍 Found 25 audible segments and 25 silent segments.

2025-11-30 12:41:19 - video_production_app.Api - INFO - Found 50 segments
2025-11-30 12:41:19 - video_production_app.Api - INFO - Extracting waveforms for all tracks in E:/lesage_november_task/deliverables/video_pipeline/download/1.mkv...
2025-11-30 12:41:19 - video_production_app.Api - INFO - Preparing to extract waveforms for 1 track(s)
2025-11-30 12:41:19 - video_production_app.Api - INFO -   Track 0: stream_index=1, name=Track 1 (pcm_s16le)
2025-11-30 12:41:19 - video_production_app.Api - INFO - Waveform: 🔍 Starting waveform extraction for 1 track(s)...
2025-11-30 12:41:19 - video_production_app.Api - INFO - Waveform: 📊 Extracting waveform for Track 1...
2025-11-30 12:41:21 - video_production_app.Api - INFO - Waveform: ✅ Extracted 1 waveforms!
2025-11-30 12:41:21 - video_production_app.Api - INFO - Waveform extraction returned 1 waveforms
2025-11-30 12:41:21 - video_production_app.Api - INFO - Processing waveform for track 0, shape: (4660736,)
2025-11-30 12:41:21 - video_production_app.Api - INFO -   Downsampled to 1258 points
2025-11-30 12:41:21 - video_production_app.Api - INFO - Successfully processed 1 waveforms for frontend
2025-11-30 12:41:21 - video_production_app.Api - DEBUG - Cached multi-track waveforms for E:/lesage_november_task/deliverables/video_pipeline/download/1.mkv
2025-11-30 13:21:23 - video_production_app.Api - INFO - API initialized
2025-11-30 13:21:43 - video_production_app.Api - INFO - API initialized
2025-11-30 13:37:29 - video_production_app.Api - INFO - API initialized
2025-11-30 13:37:59 - video_production_app.Api - INFO - API initialized
2025-11-30 13:39:38 - video_production_app.Api - INFO - API initialized
2025-11-30 13:41:43 - video_production_app.Api - INFO - API initialized
2025-11-30 13:42:14 - video_production_app.Api - INFO - API initialized
2025-11-30 13:42:24 - video_production_app.Api - INFO - API initialized
2025-11-30 13:45:53 - video_production_app.Api - INFO - API initialized
2025-11-30 13:47:46 - video_production_app.Api - INFO - API initialized
2025-11-30 13:51:32 - video_production_app.Api - INFO - API initialized
2025-11-30 13:54:43 - video_production_app.Api - INFO - API initialized
2025-11-30 13:54:45 - video_production_app.Api - INFO - Getting app configuration
2025-11-30 13:54:45 - video_production_app.Api - INFO - ✅ Found FFmpeg locally.
2025-11-30 13:54:45 - video_production_app.Api - INFO - ✅ Found FFprobe locally.
2025-11-30 13:54:45 - video_production_app.Api - DEBUG - Starting encoder detection
2025-11-30 13:54:45 - video_production_app.Api - INFO - 🔍 Detecting available GPU encoders...
2025-11-30 13:54:45 - video_production_app.Api - INFO - 📋 FFmpeg encoder list length: 14046 chars
2025-11-30 13:54:45 - video_production_app.Api - INFO - ✓ Found: NVIDIA (H.264) (h264_nvenc)
2025-11-30 13:54:45 - video_production_app.Api - INFO - ✓ Found: NVIDIA (HEVC) (hevc_nvenc)
2025-11-30 13:54:45 - video_production_app.Api - INFO - ✓ Found: AMD (H.264) (h264_amf)
2025-11-30 13:54:45 - video_production_app.Api - INFO - ✓ Found: AMD (HEVC) (hevc_amf)
2025-11-30 13:54:45 - video_production_app.Api - INFO - ✓ Found: Intel (H.264) (h264_qsv)
2025-11-30 13:54:45 - video_production_app.Api - INFO - ✓ Found: Intel (HEVC) (hevc_qsv)
2025-11-30 13:54:45 - video_production_app.Api - INFO - ✓ Found: CPU (x264) (libx264)
2025-11-30 13:54:45 - video_production_app.Api - INFO - ✅ Found 6 compatible hardware encoder(s).
2025-11-30 13:54:45 - video_production_app.Api - INFO - Found 8 encoder(s): ['Automatic (Best GPU)', 'NVIDIA (H.264)', 'NVIDIA (HEVC)', 'AMD (H.264)', 'AMD (HEVC)', 'Intel (H.264)', 'Intel (HEVC)', 'CPU (x264)']
2025-11-30 13:54:45 - video_production_app.Api - INFO - 📊 Encoder detection complete. Found 8 option(s).
2025-11-30 13:54:45 - video_production_app.Api - DEBUG - Returning config with 8 encoders
2025-11-30 13:54:45 - video_production_app.Api - DEBUG - Getting AI settings
2025-11-30 13:54:51 - video_production_app.Api - INFO - Loading video: E:/lesage_november_task/deliverables/video_pipeline/download/1.mkv
2025-11-30 13:54:51 - video_production_app.Api - INFO - 🔎 Scanning for audio tracks in 1.mkv...

2025-11-30 13:54:51 - video_production_app.Api - INFO - ✅ Found 1 audio track(s).

2025-11-30 13:54:51 - video_production_app.Api - INFO - Successfully loaded video: 1.mkv (211.40s, 1 tracks)
2025-11-30 13:55:24 - video_production_app.Api - INFO - Detecting silence for E:/lesage_november_task/deliverables/video_pipeline/download/1.mkv on track 1
2025-11-30 13:55:24 - video_production_app.Api - INFO - 🔎 Scanning for audio tracks in 1.mkv...

2025-11-30 13:55:24 - video_production_app.Api - INFO - ✅ Found 1 audio track(s).

2025-11-30 13:55:24 - video_production_app.Api - INFO - 🤫 Detecting silence in track 1...

2025-11-30 13:55:24 - video_production_app.Api - INFO - 🔍 Found 25 audible segments and 25 silent segments.

2025-11-30 13:55:24 - video_production_app.Api - INFO - Found 50 segments
2025-11-30 13:55:24 - video_production_app.Api - INFO - Extracting waveforms for all tracks in E:/lesage_november_task/deliverables/video_pipeline/download/1.mkv...
2025-11-30 13:55:24 - video_production_app.Api - INFO - Preparing to extract waveforms for 1 track(s)
2025-11-30 13:55:24 - video_production_app.Api - INFO -   Track 0: stream_index=1, name=Track 1 (pcm_s16le)
2025-11-30 13:55:24 - video_production_app.Api - INFO - Waveform: 🔍 Starting waveform extraction for 1 track(s)...
2025-11-30 13:55:24 - video_production_app.Api - INFO - Waveform: 📊 Extracting waveform for Track 1...
2025-11-30 13:55:26 - video_production_app.Api - INFO - Waveform: ✅ Extracted 1 waveforms!
2025-11-30 13:55:26 - video_production_app.Api - INFO - Waveform extraction returned 1 waveforms
2025-11-30 13:55:26 - video_production_app.Api - INFO - Processing waveform for track 0, shape: (4660736,)
2025-11-30 13:55:26 - video_production_app.Api - INFO -   Downsampled to 1707 points
2025-11-30 13:55:26 - video_production_app.Api - INFO - Successfully processed 1 waveforms for frontend
2025-11-30 13:55:26 - video_production_app.Api - DEBUG - Cached multi-track waveforms for E:/lesage_november_task/deliverables/video_pipeline/download/1.mkv
2025-11-30 13:55:28 - video_production_app.Api - INFO - Saving project (auto_save=False)
2025-11-30 13:55:36 - video_production_app.Api - INFO - Project saved successfully: E:\lesage_november_task\deliverables\video_pipeline\download\test1.tbproj
2025-11-30 13:55:56 - video_production_app.Api - INFO - Loading project
2025-11-30 13:56:02 - video_production_app.Api - ERROR - Error: Load cancelled by user
2025-11-30 13:56:05 - video_production_app.Api - INFO - Loading video: E:/lesage_november_task/deliverables/video_pipeline/download/1.mkv
2025-11-30 13:56:05 - video_production_app.Api - INFO - 🔎 Scanning for audio tracks in 1.mkv...

2025-11-30 13:56:05 - video_production_app.Api - INFO - ✅ Found 1 audio track(s).

2025-11-30 13:56:05 - video_production_app.Api - INFO - Successfully loaded video: 1.mkv (211.40s, 1 tracks)
2025-11-30 13:56:10 - video_production_app.Api - INFO - Loading project
2025-11-30 13:56:12 - video_production_app.Api - ERROR - Error loading project: argument should be a str or an os.PathLike object where __fspath__ returns a str, not 'NoneType'
Traceback (most recent call last):
  File "E:\silance-cutter_github\temp_repo\video_production_app\web\web_main.py", line 2161, in load_project
    validation = self.project_manager.validate_project_data(project_data)
  File "E:\silance-cutter_github\temp_repo\video_production_app\core\project_manager.py", line 343, in validate_project_data
    if not Path(video["file_path"]).exists():
           ~~~~^^^^^^^^^^^^^^^^^^^^
  File "C:\Users\ASUS\AppData\Local\Programs\Python\Python313\Lib\pathlib\_local.py", line 503, in __init__
    super().__init__(*args)
    ~~~~~~~~~~~~~~~~^^^^^^^
  File "C:\Users\ASUS\AppData\Local\Programs\Python\Python313\Lib\pathlib\_local.py", line 132, in __init__
    raise TypeError(
    ...<2 lines>...
        f"not {type(path).__name__!r}")
TypeError: argument should be a str or an os.PathLike object where __fspath__ returns a str, not 'NoneType'
2025-11-30 13:56:12 - video_production_app.Api - ERROR - Error: Failed to load project: argument should be a str or an os.PathLike object where __fspath__ returns a str, not 'NoneType'
2025-11-30 13:57:40 - video_production_app.Api - INFO - API initialized
2025-11-30 13:57:42 - video_production_app.Api - INFO - Getting app configuration
2025-11-30 13:57:42 - video_production_app.Api - INFO - ✅ Found FFmpeg locally.
2025-11-30 13:57:42 - video_production_app.Api - INFO - ✅ Found FFprobe locally.
2025-11-30 13:57:42 - video_production_app.Api - DEBUG - Starting encoder detection
2025-11-30 13:57:42 - video_production_app.Api - INFO - 🔍 Detecting available GPU encoders...
2025-11-30 13:57:42 - video_production_app.Api - INFO - 📋 FFmpeg encoder list length: 14046 chars
2025-11-30 13:57:42 - video_production_app.Api - INFO - ✓ Found: NVIDIA (H.264) (h264_nvenc)
2025-11-30 13:57:42 - video_production_app.Api - INFO - ✓ Found: NVIDIA (HEVC) (hevc_nvenc)
2025-11-30 13:57:42 - video_production_app.Api - INFO - ✓ Found: AMD (H.264) (h264_amf)
2025-11-30 13:57:42 - video_production_app.Api - INFO - ✓ Found: AMD (HEVC) (hevc_amf)
2025-11-30 13:57:42 - video_production_app.Api - INFO - ✓ Found: Intel (H.264) (h264_qsv)
2025-11-30 13:57:42 - video_production_app.Api - INFO - ✓ Found: Intel (HEVC) (hevc_qsv)
2025-11-30 13:57:42 - video_production_app.Api - INFO - ✓ Found: CPU (x264) (libx264)
2025-11-30 13:57:42 - video_production_app.Api - INFO - ✅ Found 6 compatible hardware encoder(s).
2025-11-30 13:57:42 - video_production_app.Api - INFO - Found 8 encoder(s): ['Automatic (Best GPU)', 'NVIDIA (H.264)', 'NVIDIA (HEVC)', 'AMD (H.264)', 'AMD (HEVC)', 'Intel (H.264)', 'Intel (HEVC)', 'CPU (x264)']
2025-11-30 13:57:42 - video_production_app.Api - INFO - 📊 Encoder detection complete. Found 8 option(s).
2025-11-30 13:57:42 - video_production_app.Api - DEBUG - Returning config with 8 encoders
2025-11-30 13:57:42 - video_production_app.Api - DEBUG - Getting AI settings
2025-11-30 13:57:52 - video_production_app.Api - INFO - Loading video: E:/lesage_november_task/deliverables/video_pipeline/download/1.mkv
2025-11-30 13:57:52 - video_production_app.Api - INFO - 🔎 Scanning for audio tracks in 1.mkv...

2025-11-30 13:57:52 - video_production_app.Api - INFO - ✅ Found 1 audio track(s).

2025-11-30 13:57:52 - video_production_app.Api - INFO - Successfully loaded video: 1.mkv (211.40s, 1 tracks)
2025-11-30 13:57:55 - video_production_app.Api - INFO - Loading project
2025-11-30 13:57:57 - video_production_app.Api - ERROR - Error loading project: argument should be a str or an os.PathLike object where __fspath__ returns a str, not 'NoneType'
Traceback (most recent call last):
  File "E:\silance-cutter_github\temp_repo\video_production_app\web\web_main.py", line 2161, in load_project
    validation = self.project_manager.validate_project_data(project_data)
  File "E:\silance-cutter_github\temp_repo\video_production_app\core\project_manager.py", line 343, in validate_project_data
    if not Path(video["file_path"]).exists():
           ~~~~^^^^^^^^^^^^^^^^^^^^
  File "C:\Users\ASUS\AppData\Local\Programs\Python\Python313\Lib\pathlib\_local.py", line 503, in __init__
    super().__init__(*args)
    ~~~~~~~~~~~~~~~~^^^^^^^
  File "C:\Users\ASUS\AppData\Local\Programs\Python\Python313\Lib\pathlib\_local.py", line 132, in __init__
    raise TypeError(
    ...<2 lines>...
        f"not {type(path).__name__!r}")
TypeError: argument should be a str or an os.PathLike object where __fspath__ returns a str, not 'NoneType'
2025-11-30 13:57:57 - video_production_app.Api - ERROR - Error: Failed to load project: argument should be a str or an os.PathLike object where __fspath__ returns a str, not 'NoneType'
2025-11-30 14:00:01 - video_production_app.Api - INFO - API initialized
2025-11-30 14:00:03 - video_production_app.Api - INFO - Getting app configuration
2025-11-30 14:00:03 - video_production_app.Api - INFO - ✅ Found FFmpeg locally.
2025-11-30 14:00:03 - video_production_app.Api - INFO - ✅ Found FFprobe locally.
2025-11-30 14:00:03 - video_production_app.Api - DEBUG - Starting encoder detection
2025-11-30 14:00:03 - video_production_app.Api - INFO - 🔍 Detecting available GPU encoders...
2025-11-30 14:00:03 - video_production_app.Api - INFO - 📋 FFmpeg encoder list length: 14046 chars
2025-11-30 14:00:03 - video_production_app.Api - INFO - ✓ Found: NVIDIA (H.264) (h264_nvenc)
2025-11-30 14:00:03 - video_production_app.Api - INFO - ✓ Found: NVIDIA (HEVC) (hevc_nvenc)
2025-11-30 14:00:03 - video_production_app.Api - INFO - ✓ Found: AMD (H.264) (h264_amf)
2025-11-30 14:00:03 - video_production_app.Api - INFO - ✓ Found: AMD (HEVC) (hevc_amf)
2025-11-30 14:00:03 - video_production_app.Api - INFO - ✓ Found: Intel (H.264) (h264_qsv)
2025-11-30 14:00:03 - video_production_app.Api - INFO - ✓ Found: Intel (HEVC) (hevc_qsv)
2025-11-30 14:00:03 - video_production_app.Api - INFO - ✓ Found: CPU (x264) (libx264)
2025-11-30 14:00:03 - video_production_app.Api - INFO - ✅ Found 6 compatible hardware encoder(s).
2025-11-30 14:00:03 - video_production_app.Api - INFO - Found 8 encoder(s): ['Automatic (Best GPU)', 'NVIDIA (H.264)', 'NVIDIA (HEVC)', 'AMD (H.264)', 'AMD (HEVC)', 'Intel (H.264)', 'Intel (HEVC)', 'CPU (x264)']
2025-11-30 14:00:03 - video_production_app.Api - INFO - 📊 Encoder detection complete. Found 8 option(s).
2025-11-30 14:00:03 - video_production_app.Api - DEBUG - Returning config with 8 encoders
2025-11-30 14:00:03 - video_production_app.Api - DEBUG - Getting AI settings
2025-11-30 14:00:07 - video_production_app.Api - INFO - Loading video: E:/lesage_november_task/deliverables/video_pipeline/download/1.mkv
2025-11-30 14:00:07 - video_production_app.Api - INFO - 🔎 Scanning for audio tracks in 1.mkv...

2025-11-30 14:00:07 - video_production_app.Api - INFO - ✅ Found 1 audio track(s).

2025-11-30 14:00:07 - video_production_app.Api - INFO - Successfully loaded video: 1.mkv (211.40s, 1 tracks)
2025-11-30 14:00:09 - video_production_app.Api - INFO - Loading project
2025-11-30 14:00:11 - video_production_app.Api - ERROR - Error loading project: argument should be a str or an os.PathLike object where __fspath__ returns a str, not 'NoneType'
Traceback (most recent call last):
  File "E:\silance-cutter_github\temp_repo\video_production_app\web\web_main.py", line 2161, in load_project
    validation = self.project_manager.validate_project_data(project_data)
  File "E:\silance-cutter_github\temp_repo\video_production_app\core\project_manager.py", line 343, in validate_project_data
    if not Path(video["file_path"]).exists():
           ~~~~^^^^^^^^^^^^^^^^^^^^
  File "C:\Users\ASUS\AppData\Local\Programs\Python\Python313\Lib\pathlib\_local.py", line 503, in __init__
    super().__init__(*args)
    ~~~~~~~~~~~~~~~~^^^^^^^
  File "C:\Users\ASUS\AppData\Local\Programs\Python\Python313\Lib\pathlib\_local.py", line 132, in __init__
    raise TypeError(
    ...<2 lines>...
        f"not {type(path).__name__!r}")
TypeError: argument should be a str or an os.PathLike object where __fspath__ returns a str, not 'NoneType'
2025-11-30 14:00:11 - video_production_app.Api - ERROR - Error: Failed to load project: argument should be a str or an os.PathLike object where __fspath__ returns a str, not 'NoneType'
2025-11-30 14:00:16 - video_production_app.Api - INFO - Loading project
2025-11-30 14:00:18 - video_production_app.Api - ERROR - Error loading project: argument should be a str or an os.PathLike object where __fspath__ returns a str, not 'NoneType'
Traceback (most recent call last):
  File "E:\silance-cutter_github\temp_repo\video_production_app\web\web_main.py", line 2161, in load_project
    validation = self.project_manager.validate_project_data(project_data)
  File "E:\silance-cutter_github\temp_repo\video_production_app\core\project_manager.py", line 343, in validate_project_data
    if not Path(video["file_path"]).exists():
           ~~~~^^^^^^^^^^^^^^^^^^^^
  File "C:\Users\ASUS\AppData\Local\Programs\Python\Python313\Lib\pathlib\_local.py", line 503, in __init__
    super().__init__(*args)
    ~~~~~~~~~~~~~~~~^^^^^^^
  File "C:\Users\ASUS\AppData\Local\Programs\Python\Python313\Lib\pathlib\_local.py", line 132, in __init__
    raise TypeError(
    ...<2 lines>...
        f"not {type(path).__name__!r}")
TypeError: argument should be a str or an os.PathLike object where __fspath__ returns a str, not 'NoneType'
2025-11-30 14:00:18 - video_production_app.Api - ERROR - Error: Failed to load project: argument should be a str or an os.PathLike object where __fspath__ returns a str, not 'NoneType'
2025-11-30 14:00:21 - video_production_app.Api - INFO - Loading project
2025-11-30 14:00:25 - video_production_app.Api - ERROR - Error loading project: argument should be a str or an os.PathLike object where __fspath__ returns a str, not 'NoneType'
Traceback (most recent call last):
  File "E:\silance-cutter_github\temp_repo\video_production_app\web\web_main.py", line 2161, in load_project
    validation = self.project_manager.validate_project_data(project_data)
  File "E:\silance-cutter_github\temp_repo\video_production_app\core\project_manager.py", line 343, in validate_project_data
    if not Path(video["file_path"]).exists():
           ~~~~^^^^^^^^^^^^^^^^^^^^
  File "C:\Users\ASUS\AppData\Local\Programs\Python\Python313\Lib\pathlib\_local.py", line 503, in __init__
    super().__init__(*args)
    ~~~~~~~~~~~~~~~~^^^^^^^
  File "C:\Users\ASUS\AppData\Local\Programs\Python\Python313\Lib\pathlib\_local.py", line 132, in __init__
    raise TypeError(
    ...<2 lines>...
        f"not {type(path).__name__!r}")
TypeError: argument should be a str or an os.PathLike object where __fspath__ returns a str, not 'NoneType'
2025-11-30 14:00:25 - video_production_app.Api - ERROR - Error: Failed to load project: argument should be a str or an os.PathLike object where __fspath__ returns a str, not 'NoneType'
2025-11-30 14:01:06 - video_production_app.Api - INFO - API initialized
2025-11-30 14:01:09 - video_production_app.Api - INFO - Getting app configuration
2025-11-30 14:01:09 - video_production_app.Api - INFO - ✅ Found FFmpeg locally.
2025-11-30 14:01:09 - video_production_app.Api - INFO - ✅ Found FFprobe locally.
2025-11-30 14:01:09 - video_production_app.Api - DEBUG - Starting encoder detection
2025-11-30 14:01:09 - video_production_app.Api - INFO - 🔍 Detecting available GPU encoders...
2025-11-30 14:01:09 - video_production_app.Api - INFO - 📋 FFmpeg encoder list length: 14046 chars
2025-11-30 14:01:09 - video_production_app.Api - INFO - ✓ Found: NVIDIA (H.264) (h264_nvenc)
2025-11-30 14:01:09 - video_production_app.Api - INFO - ✓ Found: NVIDIA (HEVC) (hevc_nvenc)
2025-11-30 14:01:09 - video_production_app.Api - INFO - ✓ Found: AMD (H.264) (h264_amf)
2025-11-30 14:01:09 - video_production_app.Api - INFO - ✓ Found: AMD (HEVC) (hevc_amf)
2025-11-30 14:01:09 - video_production_app.Api - INFO - ✓ Found: Intel (H.264) (h264_qsv)
2025-11-30 14:01:09 - video_production_app.Api - INFO - ✓ Found: Intel (HEVC) (hevc_qsv)
2025-11-30 14:01:09 - video_production_app.Api - INFO - ✓ Found: CPU (x264) (libx264)
2025-11-30 14:01:09 - video_production_app.Api - INFO - ✅ Found 6 compatible hardware encoder(s).
2025-11-30 14:01:09 - video_production_app.Api - INFO - Found 8 encoder(s): ['Automatic (Best GPU)', 'NVIDIA (H.264)', 'NVIDIA (HEVC)', 'AMD (H.264)', 'AMD (HEVC)', 'Intel (H.264)', 'Intel (HEVC)', 'CPU (x264)']
2025-11-30 14:01:09 - video_production_app.Api - INFO - 📊 Encoder detection complete. Found 8 option(s).
2025-11-30 14:01:09 - video_production_app.Api - DEBUG - Returning config with 8 encoders
2025-11-30 14:01:09 - video_production_app.Api - DEBUG - Getting AI settings
2025-11-30 14:01:13 - video_production_app.Api - INFO - Loading project
2025-11-30 14:01:15 - video_production_app.Api - ERROR - Error loading project: argument should be a str or an os.PathLike object where __fspath__ returns a str, not 'NoneType'
Traceback (most recent call last):
  File "E:\silance-cutter_github\temp_repo\video_production_app\web\web_main.py", line 2161, in load_project
    validation = self.project_manager.validate_project_data(project_data)
  File "E:\silance-cutter_github\temp_repo\video_production_app\core\project_manager.py", line 343, in validate_project_data
    if not Path(video["file_path"]).exists():
           ~~~~^^^^^^^^^^^^^^^^^^^^
  File "C:\Users\ASUS\AppData\Local\Programs\Python\Python313\Lib\pathlib\_local.py", line 503, in __init__
    super().__init__(*args)
    ~~~~~~~~~~~~~~~~^^^^^^^
  File "C:\Users\ASUS\AppData\Local\Programs\Python\Python313\Lib\pathlib\_local.py", line 132, in __init__
    raise TypeError(
    ...<2 lines>...
        f"not {type(path).__name__!r}")
TypeError: argument should be a str or an os.PathLike object where __fspath__ returns a str, not 'NoneType'
2025-11-30 14:01:15 - video_production_app.Api - ERROR - Error: Failed to load project: argument should be a str or an os.PathLike object where __fspath__ returns a str, not 'NoneType'
2025-11-30 14:04:13 - video_production_app.Api - INFO - API initialized
2025-11-30 14:04:16 - video_production_app.Api - INFO - Getting app configuration
2025-11-30 14:04:16 - video_production_app.Api - INFO - ✅ Found FFmpeg locally.
2025-11-30 14:04:16 - video_production_app.Api - INFO - ✅ Found FFprobe locally.
2025-11-30 14:04:16 - video_production_app.Api - DEBUG - Starting encoder detection
2025-11-30 14:04:16 - video_production_app.Api - INFO - 🔍 Detecting available GPU encoders...
2025-11-30 14:04:16 - video_production_app.Api - INFO - 📋 FFmpeg encoder list length: 14046 chars
2025-11-30 14:04:16 - video_production_app.Api - INFO - ✓ Found: NVIDIA (H.264) (h264_nvenc)
2025-11-30 14:04:16 - video_production_app.Api - INFO - ✓ Found: NVIDIA (HEVC) (hevc_nvenc)
2025-11-30 14:04:16 - video_production_app.Api - INFO - ✓ Found: AMD (H.264) (h264_amf)
2025-11-30 14:04:16 - video_production_app.Api - INFO - ✓ Found: AMD (HEVC) (hevc_amf)
2025-11-30 14:04:16 - video_production_app.Api - INFO - ✓ Found: Intel (H.264) (h264_qsv)
2025-11-30 14:04:16 - video_production_app.Api - INFO - ✓ Found: Intel (HEVC) (hevc_qsv)
2025-11-30 14:04:16 - video_production_app.Api - INFO - ✓ Found: CPU (x264) (libx264)
2025-11-30 14:04:16 - video_production_app.Api - INFO - ✅ Found 6 compatible hardware encoder(s).
2025-11-30 14:04:16 - video_production_app.Api - INFO - Found 8 encoder(s): ['Automatic (Best GPU)', 'NVIDIA (H.264)', 'NVIDIA (HEVC)', 'AMD (H.264)', 'AMD (HEVC)', 'Intel (H.264)', 'Intel (HEVC)', 'CPU (x264)']
2025-11-30 14:04:16 - video_production_app.Api - INFO - 📊 Encoder detection complete. Found 8 option(s).
2025-11-30 14:04:16 - video_production_app.Api - DEBUG - Returning config with 8 encoders
2025-11-30 14:04:16 - video_production_app.Api - DEBUG - Getting AI settings
2025-11-30 14:04:20 - video_production_app.Api - INFO - API initialized
2025-11-30 14:04:22 - video_production_app.Api - INFO - Getting app configuration
2025-11-30 14:04:22 - video_production_app.Api - INFO - ✅ Found FFmpeg locally.
2025-11-30 14:04:22 - video_production_app.Api - INFO - ✅ Found FFprobe locally.
2025-11-30 14:04:22 - video_production_app.Api - DEBUG - Starting encoder detection
2025-11-30 14:04:22 - video_production_app.Api - INFO - 🔍 Detecting available GPU encoders...
2025-11-30 14:04:23 - video_production_app.Api - INFO - 📋 FFmpeg encoder list length: 14046 chars
2025-11-30 14:04:23 - video_production_app.Api - INFO - ✓ Found: NVIDIA (H.264) (h264_nvenc)
2025-11-30 14:04:23 - video_production_app.Api - INFO - ✓ Found: NVIDIA (HEVC) (hevc_nvenc)
2025-11-30 14:04:23 - video_production_app.Api - INFO - ✓ Found: AMD (H.264) (h264_amf)
2025-11-30 14:04:23 - video_production_app.Api - INFO - ✓ Found: AMD (HEVC) (hevc_amf)
2025-11-30 14:04:23 - video_production_app.Api - INFO - ✓ Found: Intel (H.264) (h264_qsv)
2025-11-30 14:04:23 - video_production_app.Api - INFO - ✓ Found: Intel (HEVC) (hevc_qsv)
2025-11-30 14:04:23 - video_production_app.Api - INFO - ✓ Found: CPU (x264) (libx264)
2025-11-30 14:04:23 - video_production_app.Api - INFO - ✅ Found 6 compatible hardware encoder(s).
2025-11-30 14:04:23 - video_production_app.Api - INFO - Found 8 encoder(s): ['Automatic (Best GPU)', 'NVIDIA (H.264)', 'NVIDIA (HEVC)', 'AMD (H.264)', 'AMD (HEVC)', 'Intel (H.264)', 'Intel (HEVC)', 'CPU (x264)']
2025-11-30 14:04:23 - video_production_app.Api - INFO - 📊 Encoder detection complete. Found 8 option(s).
2025-11-30 14:04:23 - video_production_app.Api - DEBUG - Returning config with 8 encoders
2025-11-30 14:04:23 - video_production_app.Api - DEBUG - Getting AI settings
2025-11-30 14:04:29 - video_production_app.Api - INFO - Loading video: E:/lesage_november_task/deliverables/video_pipeline/download/1.mkv
2025-11-30 14:04:29 - video_production_app.Api - INFO - 🔎 Scanning for audio tracks in 1.mkv...

2025-11-30 14:04:29 - video_production_app.Api - INFO - ✅ Found 1 audio track(s).

2025-11-30 14:04:29 - video_production_app.Api - INFO - Successfully loaded video: 1.mkv (211.40s, 1 tracks)
2025-11-30 14:04:33 - video_production_app.Api - INFO - Loading project, filepath=None
2025-11-30 14:04:34 - video_production_app.Api - INFO - Loading project from: E:/lesage_november_task/deliverables/video_pipeline/download/test1.tbproj
2025-11-30 14:04:34 - video_production_app.Api - ERROR - Error loading project: argument should be a str or an os.PathLike object where __fspath__ returns a str, not 'NoneType'
Traceback (most recent call last):
  File "E:\silance-cutter_github\temp_repo\video_production_app\web\web_main.py", line 2170, in load_project
    validation = self.project_manager.validate_project_data(project_data)
  File "E:\silance-cutter_github\temp_repo\video_production_app\core\project_manager.py", line 350, in validate_project_data
    if not Path(video["file_path"]).exists():
           ~~~~^^^^^^^^^^^^^^^^^^^^
  File "C:\Users\ASUS\AppData\Local\Programs\Python\Python313\Lib\pathlib\_local.py", line 503, in __init__
    super().__init__(*args)
    ~~~~~~~~~~~~~~~~^^^^^^^
  File "C:\Users\ASUS\AppData\Local\Programs\Python\Python313\Lib\pathlib\_local.py", line 132, in __init__
    raise TypeError(
    ...<2 lines>...
        f"not {type(path).__name__!r}")
TypeError: argument should be a str or an os.PathLike object where __fspath__ returns a str, not 'NoneType'
2025-11-30 14:04:34 - video_production_app.Api - ERROR - Error: Failed to load project: argument should be a str or an os.PathLike object where __fspath__ returns a str, not 'NoneType'
2025-11-30 14:04:38 - video_production_app.Api - INFO - Loading project, filepath=None
2025-11-30 14:04:41 - video_production_app.Api - INFO - Loading project from: E:/lesage_november_task/deliverables/video_pipeline/download/test1.tbproj
2025-11-30 14:04:41 - video_production_app.Api - ERROR - Error loading project: argument should be a str or an os.PathLike object where __fspath__ returns a str, not 'NoneType'
Traceback (most recent call last):
  File "E:\silance-cutter_github\temp_repo\video_production_app\web\web_main.py", line 2170, in load_project
    validation = self.project_manager.validate_project_data(project_data)
  File "E:\silance-cutter_github\temp_repo\video_production_app\core\project_manager.py", line 350, in validate_project_data
    if not Path(video["file_path"]).exists():
           ~~~~^^^^^^^^^^^^^^^^^^^^
  File "C:\Users\ASUS\AppData\Local\Programs\Python\Python313\Lib\pathlib\_local.py", line 503, in __init__
    super().__init__(*args)
    ~~~~~~~~~~~~~~~~^^^^^^^
  File "C:\Users\ASUS\AppData\Local\Programs\Python\Python313\Lib\pathlib\_local.py", line 132, in __init__
    raise TypeError(
    ...<2 lines>...
        f"not {type(path).__name__!r}")
TypeError: argument should be a str or an os.PathLike object where __fspath__ returns a str, not 'NoneType'
2025-11-30 14:04:41 - video_production_app.Api - ERROR - Error: Failed to load project: argument should be a str or an os.PathLike object where __fspath__ returns a str, not 'NoneType'
2025-11-30 14:09:51 - video_production_app.Api - INFO - API initialized
2025-11-30 14:09:53 - video_production_app.Api - INFO - Getting app configuration
2025-11-30 14:09:53 - video_production_app.Api - INFO - ✅ Found FFmpeg locally.
2025-11-30 14:09:53 - video_production_app.Api - INFO - ✅ Found FFprobe locally.
2025-11-30 14:09:53 - video_production_app.Api - DEBUG - Starting encoder detection
2025-11-30 14:09:53 - video_production_app.Api - INFO - 🔍 Detecting available GPU encoders...
2025-11-30 14:09:53 - video_production_app.Api - INFO - 📋 FFmpeg encoder list length: 14046 chars
2025-11-30 14:09:53 - video_production_app.Api - INFO - ✓ Found: NVIDIA (H.264) (h264_nvenc)
2025-11-30 14:09:53 - video_production_app.Api - INFO - ✓ Found: NVIDIA (HEVC) (hevc_nvenc)
2025-11-30 14:09:53 - video_production_app.Api - INFO - ✓ Found: AMD (H.264) (h264_amf)
2025-11-30 14:09:53 - video_production_app.Api - INFO - ✓ Found: AMD (HEVC) (hevc_amf)
2025-11-30 14:09:53 - video_production_app.Api - INFO - ✓ Found: Intel (H.264) (h264_qsv)
2025-11-30 14:09:53 - video_production_app.Api - INFO - ✓ Found: Intel (HEVC) (hevc_qsv)
2025-11-30 14:09:53 - video_production_app.Api - INFO - ✓ Found: CPU (x264) (libx264)
2025-11-30 14:09:53 - video_production_app.Api - INFO - ✅ Found 6 compatible hardware encoder(s).
2025-11-30 14:09:53 - video_production_app.Api - INFO - Found 8 encoder(s): ['Automatic (Best GPU)', 'NVIDIA (H.264)', 'NVIDIA (HEVC)', 'AMD (H.264)', 'AMD (HEVC)', 'Intel (H.264)', 'Intel (HEVC)', 'CPU (x264)']
2025-11-30 14:09:53 - video_production_app.Api - INFO - 📊 Encoder detection complete. Found 8 option(s).
2025-11-30 14:09:53 - video_production_app.Api - DEBUG - Returning config with 8 encoders
2025-11-30 14:09:53 - video_production_app.Api - DEBUG - Getting AI settings
2025-11-30 14:10:05 - video_production_app.Api - INFO - User cancelled file selection
2025-11-30 14:10:05 - video_production_app.Api - INFO - Loading project, filepath=None
2025-11-30 14:10:07 - video_production_app.Api - INFO - Loading project from: E:/lesage_november_task/deliverables/video_pipeline/download/test1.tbproj
2025-11-30 14:10:07 - video_production_app.Api - INFO - Project loaded successfully: E:/lesage_november_task/deliverables/video_pipeline/download/test1.tbproj
2025-11-30 14:10:16 - video_production_app.Api - INFO - Loading video: E:/lesage_november_task/deliverables/video_pipeline/download/1.mkv
2025-11-30 14:10:16 - video_production_app.Api - INFO - 🔎 Scanning for audio tracks in 1.mkv...

2025-11-30 14:10:16 - video_production_app.Api - INFO - ✅ Found 1 audio track(s).

2025-11-30 14:10:16 - video_production_app.Api - INFO - Successfully loaded video: 1.mkv (211.40s, 1 tracks)
2025-11-30 14:10:16 - video_production_app.Api - INFO - Loading project, filepath=None
2025-11-30 14:10:19 - video_production_app.Api - INFO - Loading project from: E:/lesage_november_task/deliverables/video_pipeline/download/test1.tbproj
2025-11-30 14:10:19 - video_production_app.Api - INFO - Project loaded successfully: E:/lesage_november_task/deliverables/video_pipeline/download/test1.tbproj
2025-11-30 14:10:23 - video_production_app.Api - INFO - Loading project, filepath=None
2025-11-30 14:10:30 - video_production_app.Api - INFO - Loading project from: E:/lesage_november_task/deliverables/video_pipeline/download/test1.tbproj
2025-11-30 14:10:30 - video_production_app.Api - INFO - Project loaded successfully: E:/lesage_november_task/deliverables/video_pipeline/download/test1.tbproj
2025-11-30 14:12:08 - video_production_app.Api - INFO - API initialized
2025-11-30 14:12:10 - video_production_app.Api - INFO - Getting app configuration
2025-11-30 14:12:10 - video_production_app.Api - INFO - ✅ Found FFmpeg locally.
2025-11-30 14:12:10 - video_production_app.Api - INFO - ✅ Found FFprobe locally.
2025-11-30 14:12:10 - video_production_app.Api - DEBUG - Starting encoder detection
2025-11-30 14:12:10 - video_production_app.Api - INFO - 🔍 Detecting available GPU encoders...
2025-11-30 14:12:10 - video_production_app.Api - INFO - 📋 FFmpeg encoder list length: 14046 chars
2025-11-30 14:12:10 - video_production_app.Api - INFO - ✓ Found: NVIDIA (H.264) (h264_nvenc)
2025-11-30 14:12:10 - video_production_app.Api - INFO - ✓ Found: NVIDIA (HEVC) (hevc_nvenc)
2025-11-30 14:12:10 - video_production_app.Api - INFO - ✓ Found: AMD (H.264) (h264_amf)
2025-11-30 14:12:10 - video_production_app.Api - INFO - ✓ Found: AMD (HEVC) (hevc_amf)
2025-11-30 14:12:10 - video_production_app.Api - INFO - ✓ Found: Intel (H.264) (h264_qsv)
2025-11-30 14:12:10 - video_production_app.Api - INFO - ✓ Found: Intel (HEVC) (hevc_qsv)
2025-11-30 14:12:10 - video_production_app.Api - INFO - ✓ Found: CPU (x264) (libx264)
2025-11-30 14:12:10 - video_production_app.Api - INFO - ✅ Found 6 compatible hardware encoder(s).
2025-11-30 14:12:10 - video_production_app.Api - INFO - Found 8 encoder(s): ['Automatic (Best GPU)', 'NVIDIA (H.264)', 'NVIDIA (HEVC)', 'AMD (H.264)', 'AMD (HEVC)', 'Intel (H.264)', 'Intel (HEVC)', 'CPU (x264)']
2025-11-30 14:12:10 - video_production_app.Api - INFO - 📊 Encoder detection complete. Found 8 option(s).
2025-11-30 14:12:10 - video_production_app.Api - DEBUG - Returning config with 8 encoders
2025-11-30 14:12:10 - video_production_app.Api - DEBUG - Getting AI settings
2025-11-30 14:12:15 - video_production_app.Api - INFO - Loading video: E:/lesage_november_task/deliverables/video_pipeline/download/1.mkv
2025-11-30 14:12:15 - video_production_app.Api - INFO - 🔎 Scanning for audio tracks in 1.mkv...

2025-11-30 14:12:15 - video_production_app.Api - INFO - ✅ Found 1 audio track(s).

2025-11-30 14:12:15 - video_production_app.Api - INFO - Successfully loaded video: 1.mkv (211.40s, 1 tracks)
2025-11-30 14:12:17 - video_production_app.Api - INFO - Detecting silence for E:/lesage_november_task/deliverables/video_pipeline/download/1.mkv on track 1
2025-11-30 14:12:17 - video_production_app.Api - INFO - 🔎 Scanning for audio tracks in 1.mkv...

2025-11-30 14:12:17 - video_production_app.Api - INFO - ✅ Found 1 audio track(s).

2025-11-30 14:12:17 - video_production_app.Api - INFO - 🤫 Detecting silence in track 1...

2025-11-30 14:12:18 - video_production_app.Api - INFO - 🔍 Found 25 audible segments and 25 silent segments.

2025-11-30 14:12:18 - video_production_app.Api - INFO - Found 50 segments
2025-11-30 14:12:18 - video_production_app.Api - INFO - Extracting waveforms for all tracks in E:/lesage_november_task/deliverables/video_pipeline/download/1.mkv...
2025-11-30 14:12:18 - video_production_app.Api - INFO - Preparing to extract waveforms for 1 track(s)
2025-11-30 14:12:18 - video_production_app.Api - INFO -   Track 0: stream_index=1, name=Track 1 (pcm_s16le)
2025-11-30 14:12:18 - video_production_app.Api - INFO - Waveform: 🔍 Starting waveform extraction for 1 track(s)...
2025-11-30 14:12:18 - video_production_app.Api - INFO - Waveform: 📊 Extracting waveform for Track 1...
2025-11-30 14:12:20 - video_production_app.Api - INFO - Waveform: ✅ Extracted 1 waveforms!
2025-11-30 14:12:20 - video_production_app.Api - INFO - Waveform extraction returned 1 waveforms
2025-11-30 14:12:20 - video_production_app.Api - INFO - Processing waveform for track 0, shape: (4660736,)
2025-11-30 14:12:20 - video_production_app.Api - INFO -   Downsampled to 1258 points
2025-11-30 14:12:20 - video_production_app.Api - INFO - Successfully processed 1 waveforms for frontend
2025-11-30 14:12:20 - video_production_app.Api - DEBUG - Cached multi-track waveforms for E:/lesage_november_task/deliverables/video_pipeline/download/1.mkv
2025-11-30 14:12:21 - video_production_app.Api - INFO - Analyzing all tracks for E:/lesage_november_task/deliverables/video_pipeline/download/1.mkv...
2025-11-30 14:12:21 - video_production_app.Api - DEBUG - CORE: 🔎 Scanning for audio tracks in 1.mkv...

2025-11-30 14:12:21 - video_production_app.Api - DEBUG - CORE: ✅ Found 1 audio track(s).

2025-11-30 14:12:21 - video_production_app.Api - INFO - Analyzed 1 tracks
2025-11-30 14:13:07 - video_production_app.Api - INFO - Saving project (auto_save=False)
2025-11-30 14:13:15 - video_production_app.Api - INFO - Project saved successfully: E:\lesage_november_task\deliverables\video_pipeline\download\test2.tbproj
2025-11-30 14:13:35 - video_production_app.Api - INFO - API initialized
2025-11-30 14:13:53 - video_production_app.Api - INFO - API initialized
2025-11-30 14:13:55 - video_production_app.Api - INFO - Getting app configuration
2025-11-30 14:13:55 - video_production_app.Api - INFO - ✅ Found FFmpeg locally.
2025-11-30 14:13:55 - video_production_app.Api - INFO - ✅ Found FFprobe locally.
2025-11-30 14:13:55 - video_production_app.Api - DEBUG - Starting encoder detection
2025-11-30 14:13:55 - video_production_app.Api - INFO - 🔍 Detecting available GPU encoders...
2025-11-30 14:13:55 - video_production_app.Api - INFO - 📋 FFmpeg encoder list length: 14046 chars
2025-11-30 14:13:55 - video_production_app.Api - INFO - ✓ Found: NVIDIA (H.264) (h264_nvenc)
2025-11-30 14:13:55 - video_production_app.Api - INFO - ✓ Found: NVIDIA (HEVC) (hevc_nvenc)
2025-11-30 14:13:55 - video_production_app.Api - INFO - ✓ Found: AMD (H.264) (h264_amf)
2025-11-30 14:13:55 - video_production_app.Api - INFO - ✓ Found: AMD (HEVC) (hevc_amf)
2025-11-30 14:13:55 - video_production_app.Api - INFO - ✓ Found: Intel (H.264) (h264_qsv)
2025-11-30 14:13:55 - video_production_app.Api - INFO - ✓ Found: Intel (HEVC) (hevc_qsv)
2025-11-30 14:13:55 - video_production_app.Api - INFO - ✓ Found: CPU (x264) (libx264)
2025-11-30 14:13:55 - video_production_app.Api - INFO - ✅ Found 6 compatible hardware encoder(s).
2025-11-30 14:13:55 - video_production_app.Api - INFO - Found 8 encoder(s): ['Automatic (Best GPU)', 'NVIDIA (H.264)', 'NVIDIA (HEVC)', 'AMD (H.264)', 'AMD (HEVC)', 'Intel (H.264)', 'Intel (HEVC)', 'CPU (x264)']
2025-11-30 14:13:55 - video_production_app.Api - INFO - 📊 Encoder detection complete. Found 8 option(s).
2025-11-30 14:13:55 - video_production_app.Api - DEBUG - Returning config with 8 encoders
2025-11-30 14:13:55 - video_production_app.Api - DEBUG - Getting AI settings
2025-11-30 14:14:01 - video_production_app.Api - INFO - Loading video: E:/lesage_november_task/deliverables/video_pipeline/download/1.mkv
2025-11-30 14:14:01 - video_production_app.Api - INFO - 🔎 Scanning for audio tracks in 1.mkv...

2025-11-30 14:14:01 - video_production_app.Api - INFO - ✅ Found 1 audio track(s).

2025-11-30 14:14:01 - video_production_app.Api - INFO - Successfully loaded video: 1.mkv (211.40s, 1 tracks)
2025-11-30 14:14:03 - video_production_app.Api - INFO - Loading project, filepath=None
2025-11-30 14:14:05 - video_production_app.Api - INFO - Loading project from: E:/lesage_november_task/deliverables/video_pipeline/download/test2.tbproj
2025-11-30 14:14:05 - video_production_app.Api - INFO - Project loaded successfully: E:/lesage_november_task/deliverables/video_pipeline/download/test2.tbproj
2025-11-30 14:19:03 - video_production_app.Api - INFO - API initialized
2025-11-30 14:19:05 - video_production_app.Api - INFO - Getting app configuration
2025-11-30 14:19:05 - video_production_app.Api - INFO - ✅ Found FFmpeg locally.
2025-11-30 14:19:05 - video_production_app.Api - INFO - ✅ Found FFprobe locally.
2025-11-30 14:19:05 - video_production_app.Api - DEBUG - Starting encoder detection
2025-11-30 14:19:05 - video_production_app.Api - INFO - 🔍 Detecting available GPU encoders...
2025-11-30 14:19:05 - video_production_app.Api - INFO - 📋 FFmpeg encoder list length: 14046 chars
2025-11-30 14:19:05 - video_production_app.Api - INFO - ✓ Found: NVIDIA (H.264) (h264_nvenc)
2025-11-30 14:19:05 - video_production_app.Api - INFO - ✓ Found: NVIDIA (HEVC) (hevc_nvenc)
2025-11-30 14:19:05 - video_production_app.Api - INFO - ✓ Found: AMD (H.264) (h264_amf)
2025-11-30 14:19:05 - video_production_app.Api - INFO - ✓ Found: AMD (HEVC) (hevc_amf)
2025-11-30 14:19:05 - video_production_app.Api - INFO - ✓ Found: Intel (H.264) (h264_qsv)
2025-11-30 14:19:05 - video_production_app.Api - INFO - ✓ Found: Intel (HEVC) (hevc_qsv)
2025-11-30 14:19:05 - video_production_app.Api - INFO - ✓ Found: CPU (x264) (libx264)
2025-11-30 14:19:05 - video_production_app.Api - INFO - ✅ Found 6 compatible hardware encoder(s).
2025-11-30 14:19:05 - video_production_app.Api - INFO - Found 8 encoder(s): ['Automatic (Best GPU)', 'NVIDIA (H.264)', 'NVIDIA (HEVC)', 'AMD (H.264)', 'AMD (HEVC)', 'Intel (H.264)', 'Intel (HEVC)', 'CPU (x264)']
2025-11-30 14:19:05 - video_production_app.Api - INFO - 📊 Encoder detection complete. Found 8 option(s).
2025-11-30 14:19:05 - video_production_app.Api - DEBUG - Returning config with 8 encoders
2025-11-30 14:19:05 - video_production_app.Api - DEBUG - Getting AI settings
2025-11-30 14:19:09 - video_production_app.Api - INFO - Loading video: E:/lesage_november_task/deliverables/video_pipeline/download/1.mkv
2025-11-30 14:19:09 - video_production_app.Api - INFO - 🔎 Scanning for audio tracks in 1.mkv...

2025-11-30 14:19:09 - video_production_app.Api - INFO - ✅ Found 1 audio track(s).

2025-11-30 14:19:09 - video_production_app.Api - INFO - Successfully loaded video: 1.mkv (211.40s, 1 tracks)
2025-11-30 14:19:11 - video_production_app.Api - INFO - Loading project, filepath=None
2025-11-30 14:19:14 - video_production_app.Api - INFO - Loading project from: E:/lesage_november_task/deliverables/video_pipeline/download/test2.tbproj
2025-11-30 14:19:14 - video_production_app.Api - INFO - Project loaded successfully: E:/lesage_november_task/deliverables/video_pipeline/download/test2.tbproj
2025-11-30 14:19:40 - video_production_app.Api - INFO - Loading video: E:/lesage_november_task/deliverables/video_pipeline/download/1.mkv
2025-11-30 14:19:40 - video_production_app.Api - INFO - 🔎 Scanning for audio tracks in 1.mkv...

2025-11-30 14:19:40 - video_production_app.Api - INFO - ✅ Found 1 audio track(s).

2025-11-30 14:19:40 - video_production_app.Api - INFO - Successfully loaded video: 1.mkv (211.40s, 1 tracks)
2025-11-30 14:19:45 - video_production_app.Api - INFO - Detecting silence for E:/lesage_november_task/deliverables/video_pipeline/download/1.mkv on track 1
2025-11-30 14:19:45 - video_production_app.Api - INFO - 🔎 Scanning for audio tracks in 1.mkv...

2025-11-30 14:19:45 - video_production_app.Api - INFO - ✅ Found 1 audio track(s).

2025-11-30 14:19:45 - video_production_app.Api - INFO - 🤫 Detecting silence in track 1...

2025-11-30 14:19:45 - video_production_app.Api - INFO - 🔍 Found 25 audible segments and 25 silent segments.

2025-11-30 14:19:45 - video_production_app.Api - INFO - Found 50 segments
2025-11-30 14:19:45 - video_production_app.Api - INFO - Extracting waveforms for all tracks in E:/lesage_november_task/deliverables/video_pipeline/download/1.mkv...
2025-11-30 14:19:45 - video_production_app.Api - INFO - Preparing to extract waveforms for 1 track(s)
2025-11-30 14:19:45 - video_production_app.Api - INFO -   Track 0: stream_index=1, name=Track 1 (pcm_s16le)
2025-11-30 14:19:45 - video_production_app.Api - INFO - Waveform: 🔍 Starting waveform extraction for 1 track(s)...
2025-11-30 14:19:45 - video_production_app.Api - INFO - Waveform: 📊 Extracting waveform for Track 1...
2025-11-30 14:19:47 - video_production_app.Api - INFO - Waveform: ✅ Extracted 1 waveforms!
2025-11-30 14:19:47 - video_production_app.Api - INFO - Waveform extraction returned 1 waveforms
2025-11-30 14:19:47 - video_production_app.Api - INFO - Processing waveform for track 0, shape: (4660736,)
2025-11-30 14:19:47 - video_production_app.Api - INFO -   Downsampled to 1707 points
2025-11-30 14:19:47 - video_production_app.Api - INFO - Successfully processed 1 waveforms for frontend
2025-11-30 14:19:47 - video_production_app.Api - DEBUG - Cached multi-track waveforms for E:/lesage_november_task/deliverables/video_pipeline/download/1.mkv
2025-11-30 14:19:52 - video_production_app.Api - INFO - Saving project (auto_save=False)
2025-11-30 14:19:57 - video_production_app.Api - INFO - Project saved successfully: E:\lesage_november_task\deliverables\video_pipeline\download\test3.tbproj
2025-11-30 14:20:01 - video_production_app.Api - INFO - Loading video: E:/lesage_november_task/deliverables/video_pipeline/download/1.mkv
2025-11-30 14:20:01 - video_production_app.Api - INFO - 🔎 Scanning for audio tracks in 1.mkv...

2025-11-30 14:20:01 - video_production_app.Api - INFO - ✅ Found 1 audio track(s).

2025-11-30 14:20:01 - video_production_app.Api - INFO - Successfully loaded video: 1.mkv (211.40s, 1 tracks)
2025-11-30 14:20:03 - video_production_app.Api - INFO - Loading project, filepath=None
2025-11-30 14:20:05 - video_production_app.Api - INFO - Loading project from: E:/lesage_november_task/deliverables/video_pipeline/download/test3.tbproj
2025-11-30 14:20:05 - video_production_app.Api - INFO - Project loaded successfully: E:/lesage_november_task/deliverables/video_pipeline/download/test3.tbproj
2025-11-30 14:24:49 - video_production_app.Api - INFO - API initialized
2025-11-30 14:24:51 - video_production_app.Api - INFO - Getting app configuration
2025-11-30 14:24:51 - video_production_app.Api - INFO - ✅ Found FFmpeg locally.
2025-11-30 14:24:51 - video_production_app.Api - INFO - ✅ Found FFprobe locally.
2025-11-30 14:24:51 - video_production_app.Api - DEBUG - Starting encoder detection
2025-11-30 14:24:51 - video_production_app.Api - INFO - 🔍 Detecting available GPU encoders...
2025-11-30 14:24:51 - video_production_app.Api - INFO - 📋 FFmpeg encoder list length: 14046 chars
2025-11-30 14:24:51 - video_production_app.Api - INFO - ✓ Found: NVIDIA (H.264) (h264_nvenc)
2025-11-30 14:24:51 - video_production_app.Api - INFO - ✓ Found: NVIDIA (HEVC) (hevc_nvenc)
2025-11-30 14:24:51 - video_production_app.Api - INFO - ✓ Found: AMD (H.264) (h264_amf)
2025-11-30 14:24:51 - video_production_app.Api - INFO - ✓ Found: AMD (HEVC) (hevc_amf)
2025-11-30 14:24:51 - video_production_app.Api - INFO - ✓ Found: Intel (H.264) (h264_qsv)
2025-11-30 14:24:51 - video_production_app.Api - INFO - ✓ Found: Intel (HEVC) (hevc_qsv)
2025-11-30 14:24:51 - video_production_app.Api - INFO - ✓ Found: CPU (x264) (libx264)
2025-11-30 14:24:51 - video_production_app.Api - INFO - ✅ Found 6 compatible hardware encoder(s).
2025-11-30 14:24:51 - video_production_app.Api - INFO - Found 8 encoder(s): ['Automatic (Best GPU)', 'NVIDIA (H.264)', 'NVIDIA (HEVC)', 'AMD (H.264)', 'AMD (HEVC)', 'Intel (H.264)', 'Intel (HEVC)', 'CPU (x264)']
2025-11-30 14:24:51 - video_production_app.Api - INFO - 📊 Encoder detection complete. Found 8 option(s).
2025-11-30 14:24:51 - video_production_app.Api - DEBUG - Returning config with 8 encoders
2025-11-30 14:24:51 - video_production_app.Api - DEBUG - Getting AI settings
2025-11-30 14:24:57 - video_production_app.Api - INFO - Loading video: E:/lesage_november_task/deliverables/video_pipeline/download/1.mkv
2025-11-30 14:24:57 - video_production_app.Api - INFO - 🔎 Scanning for audio tracks in 1.mkv...

2025-11-30 14:24:57 - video_production_app.Api - INFO - ✅ Found 1 audio track(s).

2025-11-30 14:24:57 - video_production_app.Api - INFO - Successfully loaded video: 1.mkv (211.40s, 1 tracks)
2025-11-30 14:24:57 - video_production_app.Api - INFO - Extracting waveforms for all tracks in E:/lesage_november_task/deliverables/video_pipeline/download/1.mkv...
2025-11-30 14:24:57 - video_production_app.Api - INFO - Preparing to extract waveforms for 1 track(s)
2025-11-30 14:24:57 - video_production_app.Api - INFO -   Track 0: stream_index=1, name=Track 1 (pcm_s16le)
2025-11-30 14:24:57 - video_production_app.Api - INFO - Waveform: 🔍 Starting waveform extraction for 1 track(s)...
2025-11-30 14:24:57 - video_production_app.Api - INFO - Waveform: 📊 Extracting waveform for Track 1...
2025-11-30 14:24:59 - video_production_app.Api - INFO - Waveform: ✅ Extracted 1 waveforms!
2025-11-30 14:24:59 - video_production_app.Api - INFO - Waveform extraction returned 1 waveforms
2025-11-30 14:24:59 - video_production_app.Api - INFO - Processing waveform for track 0, shape: (4660736,)
2025-11-30 14:24:59 - video_production_app.Api - INFO -   Downsampled to 1258 points
2025-11-30 14:24:59 - video_production_app.Api - INFO - Successfully processed 1 waveforms for frontend
2025-11-30 14:24:59 - video_production_app.Api - DEBUG - Cached multi-track waveforms for E:/lesage_november_task/deliverables/video_pipeline/download/1.mkv
2025-11-30 14:25:11 - video_production_app.Api - INFO - Loading project, filepath=None
2025-11-30 14:25:14 - video_production_app.Api - INFO - Loading project from: E:/lesage_november_task/deliverables/video_pipeline/download/test3.tbproj
2025-11-30 14:25:14 - video_production_app.Api - INFO - Project loaded successfully: E:/lesage_november_task/deliverables/video_pipeline/download/test3.tbproj
2025-11-30 14:26:03 - video_production_app.Api - INFO - Loading video: E:/lesage_november_task/deliverables/video_pipeline/download/4.mkv
2025-11-30 14:26:03 - video_production_app.Api - INFO - 🔎 Scanning for audio tracks in 4.mkv...

2025-11-30 14:26:03 - video_production_app.Api - INFO - ✅ Found 1 audio track(s).

2025-11-30 14:26:03 - video_production_app.Api - INFO - Successfully loaded video: 4.mkv (712.15s, 1 tracks)
2025-11-30 14:26:03 - video_production_app.Api - INFO - Extracting waveforms for all tracks in E:/lesage_november_task/deliverables/video_pipeline/download/4.mkv...
2025-11-30 14:26:03 - video_production_app.Api - INFO - Preparing to extract waveforms for 1 track(s)
2025-11-30 14:26:03 - video_production_app.Api - INFO -   Track 0: stream_index=1, name=Track 1 (pcm_s16le)
2025-11-30 14:26:03 - video_production_app.Api - INFO - Waveform: 🔍 Starting waveform extraction for 1 track(s)...
2025-11-30 14:26:03 - video_production_app.Api - INFO - Waveform: 📊 Extracting waveform for Track 1...
2025-11-30 14:26:04 - video_production_app.Api - INFO - Waveform: ✅ Extracted 1 waveforms!
2025-11-30 14:26:04 - video_production_app.Api - INFO - Waveform extraction returned 1 waveforms
2025-11-30 14:26:04 - video_production_app.Api - INFO - Processing waveform for track 0, shape: (15702528,)
2025-11-30 14:26:04 - video_production_app.Api - INFO -   Downsampled to 1258 points
2025-11-30 14:26:04 - video_production_app.Api - INFO - Successfully processed 1 waveforms for frontend
2025-11-30 14:26:04 - video_production_app.Api - DEBUG - Cached multi-track waveforms for E:/lesage_november_task/deliverables/video_pipeline/download/4.mkv
2025-11-30 14:27:22 - video_production_app.Api - INFO - API initialized
2025-11-30 14:27:25 - video_production_app.Api - INFO - Getting app configuration
2025-11-30 14:27:25 - video_production_app.Api - INFO - ✅ Found FFmpeg locally.
2025-11-30 14:27:25 - video_production_app.Api - INFO - ✅ Found FFprobe locally.
2025-11-30 14:27:25 - video_production_app.Api - DEBUG - Starting encoder detection
2025-11-30 14:27:25 - video_production_app.Api - INFO - 🔍 Detecting available GPU encoders...
2025-11-30 14:27:25 - video_production_app.Api - INFO - 📋 FFmpeg encoder list length: 14046 chars
2025-11-30 14:27:25 - video_production_app.Api - INFO - ✓ Found: NVIDIA (H.264) (h264_nvenc)
2025-11-30 14:27:25 - video_production_app.Api - INFO - ✓ Found: NVIDIA (HEVC) (hevc_nvenc)
2025-11-30 14:27:25 - video_production_app.Api - INFO - ✓ Found: AMD (H.264) (h264_amf)
2025-11-30 14:27:25 - video_production_app.Api - INFO - ✓ Found: AMD (HEVC) (hevc_amf)
2025-11-30 14:27:25 - video_production_app.Api - INFO - ✓ Found: Intel (H.264) (h264_qsv)
2025-11-30 14:27:25 - video_production_app.Api - INFO - ✓ Found: Intel (HEVC) (hevc_qsv)
2025-11-30 14:27:25 - video_production_app.Api - INFO - ✓ Found: CPU (x264) (libx264)
2025-11-30 14:27:25 - video_production_app.Api - INFO - ✅ Found 6 compatible hardware encoder(s).
2025-11-30 14:27:25 - video_production_app.Api - INFO - Found 8 encoder(s): ['Automatic (Best GPU)', 'NVIDIA (H.264)', 'NVIDIA (HEVC)', 'AMD (H.264)', 'AMD (HEVC)', 'Intel (H.264)', 'Intel (HEVC)', 'CPU (x264)']
2025-11-30 14:27:25 - video_production_app.Api - INFO - 📊 Encoder detection complete. Found 8 option(s).
2025-11-30 14:27:25 - video_production_app.Api - DEBUG - Returning config with 8 encoders
2025-11-30 14:27:25 - video_production_app.Api - DEBUG - Getting AI settings
2025-11-30 14:27:30 - video_production_app.Api - INFO - Loading video: E:/lesage_november_task/deliverables/video_pipeline/download/2.mkv
2025-11-30 14:27:30 - video_production_app.Api - INFO - 🔎 Scanning for audio tracks in 2.mkv...

2025-11-30 14:27:30 - video_production_app.Api - INFO - ✅ Found 1 audio track(s).

2025-11-30 14:27:30 - video_production_app.Api - INFO - Successfully loaded video: 2.mkv (1562.50s, 1 tracks)
2025-11-30 14:27:30 - video_production_app.Api - INFO - Extracting waveforms for all tracks in E:/lesage_november_task/deliverables/video_pipeline/download/2.mkv...
2025-11-30 14:27:30 - video_production_app.Api - INFO - Preparing to extract waveforms for 1 track(s)
2025-11-30 14:27:30 - video_production_app.Api - INFO -   Track 0: stream_index=1, name=Track 1 (pcm_s16le)
2025-11-30 14:27:30 - video_production_app.Api - INFO - Waveform: 🔍 Starting waveform extraction for 1 track(s)...
2025-11-30 14:27:30 - video_production_app.Api - INFO - Waveform: 📊 Extracting waveform for Track 1...
2025-11-30 14:27:34 - video_production_app.Api - INFO - Waveform: ✅ Extracted 1 waveforms!
2025-11-30 14:27:34 - video_production_app.Api - INFO - Waveform extraction returned 1 waveforms
2025-11-30 14:27:34 - video_production_app.Api - INFO - Processing waveform for track 0, shape: (34452480,)
2025-11-30 14:27:34 - video_production_app.Api - INFO -   Downsampled to 1258 points
2025-11-30 14:27:34 - video_production_app.Api - INFO - Successfully processed 1 waveforms for frontend
2025-11-30 14:27:34 - video_production_app.Api - DEBUG - Cached multi-track waveforms for E:/lesage_november_task/deliverables/video_pipeline/download/2.mkv
2025-11-30 14:27:35 - video_production_app.Api - INFO - Detecting silence for E:/lesage_november_task/deliverables/video_pipeline/download/2.mkv on track 1
2025-11-30 14:27:35 - video_production_app.Api - INFO - 🔎 Scanning for audio tracks in 2.mkv...

2025-11-30 14:27:35 - video_production_app.Api - INFO - ✅ Found 1 audio track(s).

2025-11-30 14:27:35 - video_production_app.Api - INFO - 🤫 Detecting silence in track 1...

2025-11-30 14:27:36 - video_production_app.Api - INFO - 🔍 Found 278 audible segments and 277 silent segments.

2025-11-30 14:27:36 - video_production_app.Api - INFO - Found 555 segments
2025-11-30 14:27:36 - video_production_app.Api - DEBUG - Using cached multi-track waveforms for E:/lesage_november_task/deliverables/video_pipeline/download/2.mkv at width 1258
2025-11-30 14:27:55 - video_production_app.Api - INFO - Saving project (auto_save=False)
2025-11-30 14:28:01 - video_production_app.Api - INFO - Project saved successfully: E:\lesage_november_task\deliverables\video_pipeline\download\test4.tbproj
2025-11-30 14:28:06 - video_production_app.Api - INFO - Detecting silence for E:/lesage_november_task/deliverables/video_pipeline/download/2.mkv on track 1
2025-11-30 14:28:06 - video_production_app.Api - INFO - 🔎 Scanning for audio tracks in 2.mkv...

2025-11-30 14:28:06 - video_production_app.Api - INFO - ✅ Found 1 audio track(s).

2025-11-30 14:28:06 - video_production_app.Api - INFO - 🤫 Detecting silence in track 1...

2025-11-30 14:28:07 - video_production_app.Api - INFO - 🔍 Found 278 audible segments and 277 silent segments.

2025-11-30 14:28:07 - video_production_app.Api - INFO - Found 555 segments
2025-11-30 14:28:07 - video_production_app.Api - DEBUG - Using cached multi-track waveforms for E:/lesage_november_task/deliverables/video_pipeline/download/2.mkv at width 1258
2025-11-30 14:28:15 - video_production_app.Api - INFO - User cancelled file selection
2025-11-30 14:28:26 - video_production_app.Api - INFO - Loading video: E:/lesage_november_task/deliverables/video_pipeline/download/2.mkv
2025-11-30 14:28:26 - video_production_app.Api - INFO - 🔎 Scanning for audio tracks in 2.mkv...

2025-11-30 14:28:26 - video_production_app.Api - INFO - ✅ Found 1 audio track(s).

2025-11-30 14:28:26 - video_production_app.Api - INFO - Successfully loaded video: 2.mkv (1562.50s, 1 tracks)
2025-11-30 14:28:26 - video_production_app.Api - DEBUG - Using cached multi-track waveforms for E:/lesage_november_task/deliverables/video_pipeline/download/2.mkv at width 1258
2025-11-30 14:28:34 - video_production_app.Api - INFO - Loading project, filepath=None
2025-11-30 14:28:36 - video_production_app.Api - INFO - Loading project from: E:/lesage_november_task/deliverables/video_pipeline/download/test4.tbproj
2025-11-30 14:28:36 - video_production_app.Api - INFO - Project loaded successfully: E:/lesage_november_task/deliverables/video_pipeline/download/test4.tbproj
2025-11-30 14:28:44 - video_production_app.Api - INFO - Loading project, filepath=None
2025-11-30 14:28:46 - video_production_app.Api - INFO - Loading project from: E:/lesage_november_task/deliverables/video_pipeline/download/test4.tbproj
2025-11-30 14:28:46 - video_production_app.Api - INFO - Project loaded successfully: E:/lesage_november_task/deliverables/video_pipeline/download/test4.tbproj
2025-11-30 14:29:26 - video_production_app.Api - INFO - API initialized
2025-11-30 14:29:28 - video_production_app.Api - INFO - Getting app configuration
2025-11-30 14:29:28 - video_production_app.Api - INFO - ✅ Found FFmpeg locally.
2025-11-30 14:29:28 - video_production_app.Api - INFO - ✅ Found FFprobe locally.
2025-11-30 14:29:28 - video_production_app.Api - DEBUG - Starting encoder detection
2025-11-30 14:29:28 - video_production_app.Api - INFO - 🔍 Detecting available GPU encoders...
2025-11-30 14:29:28 - video_production_app.Api - INFO - 📋 FFmpeg encoder list length: 14046 chars
2025-11-30 14:29:28 - video_production_app.Api - INFO - ✓ Found: NVIDIA (H.264) (h264_nvenc)
2025-11-30 14:29:28 - video_production_app.Api - INFO - ✓ Found: NVIDIA (HEVC) (hevc_nvenc)
2025-11-30 14:29:28 - video_production_app.Api - INFO - ✓ Found: AMD (H.264) (h264_amf)
2025-11-30 14:29:28 - video_production_app.Api - INFO - ✓ Found: AMD (HEVC) (hevc_amf)
2025-11-30 14:29:28 - video_production_app.Api - INFO - ✓ Found: Intel (H.264) (h264_qsv)
2025-11-30 14:29:28 - video_production_app.Api - INFO - ✓ Found: Intel (HEVC) (hevc_qsv)
2025-11-30 14:29:28 - video_production_app.Api - INFO - ✓ Found: CPU (x264) (libx264)
2025-11-30 14:29:28 - video_production_app.Api - INFO - ✅ Found 6 compatible hardware encoder(s).
2025-11-30 14:29:28 - video_production_app.Api - INFO - Found 8 encoder(s): ['Automatic (Best GPU)', 'NVIDIA (H.264)', 'NVIDIA (HEVC)', 'AMD (H.264)', 'AMD (HEVC)', 'Intel (H.264)', 'Intel (HEVC)', 'CPU (x264)']
2025-11-30 14:29:28 - video_production_app.Api - INFO - 📊 Encoder detection complete. Found 8 option(s).
2025-11-30 14:29:28 - video_production_app.Api - DEBUG - Returning config with 8 encoders
2025-11-30 14:29:28 - video_production_app.Api - DEBUG - Getting AI settings
2025-11-30 14:29:28 - video_production_app.Api - INFO - Loading project, filepath=None
2025-11-30 14:29:31 - video_production_app.Api - INFO - Loading project from: E:/lesage_november_task/deliverables/video_pipeline/download/test4.tbproj
2025-11-30 14:29:31 - video_production_app.Api - INFO - Project loaded successfully: E:/lesage_november_task/deliverables/video_pipeline/download/test4.tbproj
2025-11-30 14:29:45 - video_production_app.Api - INFO - API initialized
2025-11-30 14:29:47 - video_production_app.Api - INFO - Getting app configuration
2025-11-30 14:29:47 - video_production_app.Api - INFO - ✅ Found FFmpeg locally.
2025-11-30 14:29:47 - video_production_app.Api - INFO - ✅ Found FFprobe locally.
2025-11-30 14:29:47 - video_production_app.Api - DEBUG - Starting encoder detection
2025-11-30 14:29:47 - video_production_app.Api - INFO - 🔍 Detecting available GPU encoders...
2025-11-30 14:29:48 - video_production_app.Api - INFO - 📋 FFmpeg encoder list length: 14046 chars
2025-11-30 14:29:48 - video_production_app.Api - INFO - ✓ Found: NVIDIA (H.264) (h264_nvenc)
2025-11-30 14:29:48 - video_production_app.Api - INFO - ✓ Found: NVIDIA (HEVC) (hevc_nvenc)
2025-11-30 14:29:48 - video_production_app.Api - INFO - ✓ Found: AMD (H.264) (h264_amf)
2025-11-30 14:29:48 - video_production_app.Api - INFO - ✓ Found: AMD (HEVC) (hevc_amf)
2025-11-30 14:29:48 - video_production_app.Api - INFO - ✓ Found: Intel (H.264) (h264_qsv)
2025-11-30 14:29:48 - video_production_app.Api - INFO - ✓ Found: Intel (HEVC) (hevc_qsv)
2025-11-30 14:29:48 - video_production_app.Api - INFO - ✓ Found: CPU (x264) (libx264)
2025-11-30 14:29:48 - video_production_app.Api - INFO - ✅ Found 6 compatible hardware encoder(s).
2025-11-30 14:29:48 - video_production_app.Api - INFO - Found 8 encoder(s): ['Automatic (Best GPU)', 'NVIDIA (H.264)', 'NVIDIA (HEVC)', 'AMD (H.264)', 'AMD (HEVC)', 'Intel (H.264)', 'Intel (HEVC)', 'CPU (x264)']
2025-11-30 14:29:48 - video_production_app.Api - INFO - 📊 Encoder detection complete. Found 8 option(s).
2025-11-30 14:29:48 - video_production_app.Api - DEBUG - Returning config with 8 encoders
2025-11-30 14:29:48 - video_production_app.Api - DEBUG - Getting AI settings
2025-11-30 14:29:48 - video_production_app.Api - INFO - Loading project, filepath=None
2025-11-30 14:29:50 - video_production_app.Api - INFO - Loading project from: E:/lesage_november_task/deliverables/video_pipeline/download/test4.tbproj
2025-11-30 14:29:50 - video_production_app.Api - INFO - Project loaded successfully: E:/lesage_november_task/deliverables/video_pipeline/download/test4.tbproj
2025-11-30 14:31:28 - video_production_app.Api - INFO - API initialized
2025-11-30 14:31:30 - video_production_app.Api - INFO - Getting app configuration
2025-11-30 14:31:30 - video_production_app.Api - INFO - ✅ Found FFmpeg locally.
2025-11-30 14:31:30 - video_production_app.Api - INFO - ✅ Found FFprobe locally.
2025-11-30 14:31:30 - video_production_app.Api - DEBUG - Starting encoder detection
2025-11-30 14:31:30 - video_production_app.Api - INFO - 🔍 Detecting available GPU encoders...
2025-11-30 14:31:30 - video_production_app.Api - INFO - 📋 FFmpeg encoder list length: 14046 chars
2025-11-30 14:31:30 - video_production_app.Api - INFO - ✓ Found: NVIDIA (H.264) (h264_nvenc)
2025-11-30 14:31:30 - video_production_app.Api - INFO - ✓ Found: NVIDIA (HEVC) (hevc_nvenc)
2025-11-30 14:31:30 - video_production_app.Api - INFO - ✓ Found: AMD (H.264) (h264_amf)
2025-11-30 14:31:30 - video_production_app.Api - INFO - ✓ Found: AMD (HEVC) (hevc_amf)
2025-11-30 14:31:30 - video_production_app.Api - INFO - ✓ Found: Intel (H.264) (h264_qsv)
2025-11-30 14:31:30 - video_production_app.Api - INFO - ✓ Found: Intel (HEVC) (hevc_qsv)
2025-11-30 14:31:30 - video_production_app.Api - INFO - ✓ Found: CPU (x264) (libx264)
2025-11-30 14:31:30 - video_production_app.Api - INFO - ✅ Found 6 compatible hardware encoder(s).
2025-11-30 14:31:30 - video_production_app.Api - INFO - Found 8 encoder(s): ['Automatic (Best GPU)', 'NVIDIA (H.264)', 'NVIDIA (HEVC)', 'AMD (H.264)', 'AMD (HEVC)', 'Intel (H.264)', 'Intel (HEVC)', 'CPU (x264)']
2025-11-30 14:31:30 - video_production_app.Api - INFO - 📊 Encoder detection complete. Found 8 option(s).
2025-11-30 14:31:30 - video_production_app.Api - DEBUG - Returning config with 8 encoders
2025-11-30 14:31:30 - video_production_app.Api - DEBUG - Getting AI settings
2025-11-30 14:31:54 - video_production_app.Api - INFO - Loading project, filepath=None
2025-11-30 14:31:56 - video_production_app.Api - INFO - Loading project from: E:/lesage_november_task/deliverables/video_pipeline/download/test4.tbproj
2025-11-30 14:31:56 - video_production_app.Api - INFO - Project loaded successfully: E:/lesage_november_task/deliverables/video_pipeline/download/test4.tbproj
2025-11-30 14:32:00 - video_production_app.Api - INFO - Loading video: E:/lesage_november_task/deliverables/video_pipeline/download/2.mkv
2025-11-30 14:32:00 - video_production_app.Api - INFO - 🔎 Scanning for audio tracks in 2.mkv...

2025-11-30 14:32:00 - video_production_app.Api - INFO - ✅ Found 1 audio track(s).

2025-11-30 14:32:00 - video_production_app.Api - INFO - Successfully loaded video: 2.mkv (1562.50s, 1 tracks)
2025-11-30 14:32:00 - video_production_app.Api - INFO - Extracting waveforms for all tracks in E:/lesage_november_task/deliverables/video_pipeline/download/2.mkv...
2025-11-30 14:32:00 - video_production_app.Api - INFO - Preparing to extract waveforms for 1 track(s)
2025-11-30 14:32:00 - video_production_app.Api - INFO -   Track 0: stream_index=1, name=Track 1 (pcm_s16le)
2025-11-30 14:32:00 - video_production_app.Api - INFO - Waveform: 🔍 Starting waveform extraction for 1 track(s)...
2025-11-30 14:32:00 - video_production_app.Api - INFO - Waveform: 📊 Extracting waveform for Track 1...
2025-11-30 14:32:03 - video_production_app.Api - INFO - Waveform: ✅ Extracted 1 waveforms!
2025-11-30 14:32:03 - video_production_app.Api - INFO - Waveform extraction returned 1 waveforms
2025-11-30 14:32:03 - video_production_app.Api - INFO - Processing waveform for track 0, shape: (34452480,)
2025-11-30 14:32:03 - video_production_app.Api - INFO -   Downsampled to 1258 points
2025-11-30 14:32:03 - video_production_app.Api - INFO - Successfully processed 1 waveforms for frontend
2025-11-30 14:32:03 - video_production_app.Api - DEBUG - Cached multi-track waveforms for E:/lesage_november_task/deliverables/video_pipeline/download/2.mkv
2025-11-30 14:32:05 - video_production_app.Api - INFO - Loading project, filepath=None
2025-11-30 14:32:06 - video_production_app.Api - INFO - Loading project from: E:/lesage_november_task/deliverables/video_pipeline/download/test4.tbproj
2025-11-30 14:32:06 - video_production_app.Api - INFO - Project loaded successfully: E:/lesage_november_task/deliverables/video_pipeline/download/test4.tbproj
2025-11-30 14:32:45 - video_production_app.Api - INFO - Saving project (auto_save=False)
2025-11-30 14:32:54 - video_production_app.Api - INFO - Project saved successfully: E:\lesage_november_task\deliverables\video_pipeline\download\test5.tbproj
2025-11-30 14:33:07 - video_production_app.Api - INFO - API initialized
2025-11-30 14:33:08 - video_production_app.Api - INFO - Getting app configuration
2025-11-30 14:33:08 - video_production_app.Api - INFO - ✅ Found FFmpeg locally.
2025-11-30 14:33:08 - video_production_app.Api - INFO - ✅ Found FFprobe locally.
2025-11-30 14:33:08 - video_production_app.Api - DEBUG - Starting encoder detection
2025-11-30 14:33:08 - video_production_app.Api - INFO - 🔍 Detecting available GPU encoders...
2025-11-30 14:33:08 - video_production_app.Api - INFO - 📋 FFmpeg encoder list length: 14046 chars
2025-11-30 14:33:08 - video_production_app.Api - INFO - ✓ Found: NVIDIA (H.264) (h264_nvenc)
2025-11-30 14:33:08 - video_production_app.Api - INFO - ✓ Found: NVIDIA (HEVC) (hevc_nvenc)
2025-11-30 14:33:08 - video_production_app.Api - INFO - ✓ Found: AMD (H.264) (h264_amf)
2025-11-30 14:33:08 - video_production_app.Api - INFO - ✓ Found: AMD (HEVC) (hevc_amf)
2025-11-30 14:33:08 - video_production_app.Api - INFO - ✓ Found: Intel (H.264) (h264_qsv)
2025-11-30 14:33:08 - video_production_app.Api - INFO - ✓ Found: Intel (HEVC) (hevc_qsv)
2025-11-30 14:33:08 - video_production_app.Api - INFO - ✓ Found: CPU (x264) (libx264)
2025-11-30 14:33:08 - video_production_app.Api - INFO - ✅ Found 6 compatible hardware encoder(s).
2025-11-30 14:33:08 - video_production_app.Api - INFO - Found 8 encoder(s): ['Automatic (Best GPU)', 'NVIDIA (H.264)', 'NVIDIA (HEVC)', 'AMD (H.264)', 'AMD (HEVC)', 'Intel (H.264)', 'Intel (HEVC)', 'CPU (x264)']
2025-11-30 14:33:08 - video_production_app.Api - INFO - 📊 Encoder detection complete. Found 8 option(s).
2025-11-30 14:33:08 - video_production_app.Api - DEBUG - Returning config with 8 encoders
2025-11-30 14:33:08 - video_production_app.Api - DEBUG - Getting AI settings
2025-11-30 14:33:23 - video_production_app.Api - INFO - Loading project, filepath=None
2025-11-30 14:33:25 - video_production_app.Api - INFO - Loading project from: E:/lesage_november_task/deliverables/video_pipeline/download/test5.tbproj
2025-11-30 14:33:25 - video_production_app.Api - INFO - Project loaded successfully: E:/lesage_november_task/deliverables/video_pipeline/download/test5.tbproj
2025-11-30 14:38:37 - video_production_app.Api - INFO - API initialized
2025-11-30 14:38:39 - video_production_app.Api - INFO - Getting app configuration
2025-11-30 14:38:39 - video_production_app.Api - INFO - ✅ Found FFmpeg locally.
2025-11-30 14:38:39 - video_production_app.Api - INFO - ✅ Found FFprobe locally.
2025-11-30 14:38:39 - video_production_app.Api - DEBUG - Starting encoder detection
2025-11-30 14:38:39 - video_production_app.Api - INFO - 🔍 Detecting available GPU encoders...
2025-11-30 14:38:39 - video_production_app.Api - INFO - 📋 FFmpeg encoder list length: 14046 chars
2025-11-30 14:38:39 - video_production_app.Api - INFO - ✓ Found: NVIDIA (H.264) (h264_nvenc)
2025-11-30 14:38:39 - video_production_app.Api - INFO - ✓ Found: NVIDIA (HEVC) (hevc_nvenc)
2025-11-30 14:38:39 - video_production_app.Api - INFO - ✓ Found: AMD (H.264) (h264_amf)
2025-11-30 14:38:39 - video_production_app.Api - INFO - ✓ Found: AMD (HEVC) (hevc_amf)
2025-11-30 14:38:39 - video_production_app.Api - INFO - ✓ Found: Intel (H.264) (h264_qsv)
2025-11-30 14:38:39 - video_production_app.Api - INFO - ✓ Found: Intel (HEVC) (hevc_qsv)
2025-11-30 14:38:39 - video_production_app.Api - INFO - ✓ Found: CPU (x264) (libx264)
2025-11-30 14:38:39 - video_production_app.Api - INFO - ✅ Found 6 compatible hardware encoder(s).
2025-11-30 14:38:39 - video_production_app.Api - INFO - Found 8 encoder(s): ['Automatic (Best GPU)', 'NVIDIA (H.264)', 'NVIDIA (HEVC)', 'AMD (H.264)', 'AMD (HEVC)', 'Intel (H.264)', 'Intel (HEVC)', 'CPU (x264)']
2025-11-30 14:38:39 - video_production_app.Api - INFO - 📊 Encoder detection complete. Found 8 option(s).
2025-11-30 14:38:39 - video_production_app.Api - DEBUG - Returning config with 8 encoders
2025-11-30 14:38:39 - video_production_app.Api - DEBUG - Getting AI settings
2025-11-30 14:38:45 - video_production_app.Api - INFO - Loading video: E:/lesage_november_task/deliverables/video_pipeline/download/2.mkv
2025-11-30 14:38:45 - video_production_app.Api - INFO - 🔎 Scanning for audio tracks in 2.mkv...

2025-11-30 14:38:45 - video_production_app.Api - INFO - ✅ Found 1 audio track(s).

2025-11-30 14:38:45 - video_production_app.Api - INFO - Successfully loaded video: 2.mkv (1562.50s, 1 tracks)
2025-11-30 14:38:45 - video_production_app.Api - INFO - Extracting waveforms for all tracks in E:/lesage_november_task/deliverables/video_pipeline/download/2.mkv...
2025-11-30 14:38:45 - video_production_app.Api - INFO - Preparing to extract waveforms for 1 track(s)
2025-11-30 14:38:45 - video_production_app.Api - INFO -   Track 0: stream_index=1, name=Track 1 (pcm_s16le)
2025-11-30 14:38:45 - video_production_app.Api - INFO - Waveform: 🔍 Starting waveform extraction for 1 track(s)...
2025-11-30 14:38:45 - video_production_app.Api - INFO - Waveform: 📊 Extracting waveform for Track 1...
2025-11-30 14:38:49 - video_production_app.Api - INFO - Waveform: ✅ Extracted 1 waveforms!
2025-11-30 14:38:49 - video_production_app.Api - INFO - Waveform extraction returned 1 waveforms
2025-11-30 14:38:49 - video_production_app.Api - INFO - Processing waveform for track 0, shape: (34452480,)
2025-11-30 14:38:49 - video_production_app.Api - INFO -   Downsampled to 1258 points
2025-11-30 14:38:49 - video_production_app.Api - INFO - Successfully processed 1 waveforms for frontend
2025-11-30 14:38:49 - video_production_app.Api - DEBUG - Cached multi-track waveforms for E:/lesage_november_task/deliverables/video_pipeline/download/2.mkv
2025-11-30 14:39:02 - video_production_app.Api - INFO - Loading project, filepath=None
2025-11-30 14:39:05 - video_production_app.Api - INFO - Loading project from: E:/lesage_november_task/deliverables/video_pipeline/download/test5.tbproj
2025-11-30 14:39:05 - video_production_app.Api - INFO - Project loaded successfully: E:/lesage_november_task/deliverables/video_pipeline/download/test5.tbproj
2025-11-30 14:42:41 - video_production_app.Api - INFO - API initialized
2025-11-30 14:42:52 - video_production_app.Api - INFO - Getting app configuration
2025-11-30 14:42:52 - video_production_app.Api - INFO - ✅ Found FFmpeg locally.
2025-11-30 14:42:52 - video_production_app.Api - INFO - ✅ Found FFprobe locally.
2025-11-30 14:42:52 - video_production_app.Api - DEBUG - Starting encoder detection
2025-11-30 14:42:52 - video_production_app.Api - INFO - 🔍 Detecting available GPU encoders...
2025-11-30 14:42:52 - video_production_app.Api - INFO - 📋 FFmpeg encoder list length: 14046 chars
2025-11-30 14:42:52 - video_production_app.Api - INFO - ✓ Found: NVIDIA (H.264) (h264_nvenc)
2025-11-30 14:42:52 - video_production_app.Api - INFO - ✓ Found: NVIDIA (HEVC) (hevc_nvenc)
2025-11-30 14:42:52 - video_production_app.Api - INFO - ✓ Found: AMD (H.264) (h264_amf)
2025-11-30 14:42:52 - video_production_app.Api - INFO - ✓ Found: AMD (HEVC) (hevc_amf)
2025-11-30 14:42:52 - video_production_app.Api - INFO - ✓ Found: Intel (H.264) (h264_qsv)
2025-11-30 14:42:52 - video_production_app.Api - INFO - ✓ Found: Intel (HEVC) (hevc_qsv)
2025-11-30 14:42:52 - video_production_app.Api - INFO - ✓ Found: CPU (x264) (libx264)
2025-11-30 14:42:52 - video_production_app.Api - INFO - ✅ Found 6 compatible hardware encoder(s).
2025-11-30 14:42:52 - video_production_app.Api - INFO - Found 8 encoder(s): ['Automatic (Best GPU)', 'NVIDIA (H.264)', 'NVIDIA (HEVC)', 'AMD (H.264)', 'AMD (HEVC)', 'Intel (H.264)', 'Intel (HEVC)', 'CPU (x264)']
2025-11-30 14:42:52 - video_production_app.Api - INFO - 📊 Encoder detection complete. Found 8 option(s).
2025-11-30 14:42:52 - video_production_app.Api - DEBUG - Returning config with 8 encoders
2025-11-30 14:42:52 - video_production_app.Api - DEBUG - Getting AI settings
2025-11-30 14:43:02 - video_production_app.Api - INFO - API initialized
2025-11-30 14:43:04 - video_production_app.Api - INFO - Getting app configuration
2025-11-30 14:43:04 - video_production_app.Api - INFO - ✅ Found FFmpeg locally.
2025-11-30 14:43:04 - video_production_app.Api - INFO - ✅ Found FFprobe locally.
2025-11-30 14:43:04 - video_production_app.Api - DEBUG - Starting encoder detection
2025-11-30 14:43:04 - video_production_app.Api - INFO - 🔍 Detecting available GPU encoders...
2025-11-30 14:43:04 - video_production_app.Api - INFO - 📋 FFmpeg encoder list length: 14046 chars
2025-11-30 14:43:04 - video_production_app.Api - INFO - ✓ Found: NVIDIA (H.264) (h264_nvenc)
2025-11-30 14:43:04 - video_production_app.Api - INFO - ✓ Found: NVIDIA (HEVC) (hevc_nvenc)
2025-11-30 14:43:04 - video_production_app.Api - INFO - ✓ Found: AMD (H.264) (h264_amf)
2025-11-30 14:43:04 - video_production_app.Api - INFO - ✓ Found: AMD (HEVC) (hevc_amf)
2025-11-30 14:43:04 - video_production_app.Api - INFO - ✓ Found: Intel (H.264) (h264_qsv)
2025-11-30 14:43:04 - video_production_app.Api - INFO - ✓ Found: Intel (HEVC) (hevc_qsv)
2025-11-30 14:43:04 - video_production_app.Api - INFO - ✓ Found: CPU (x264) (libx264)
2025-11-30 14:43:04 - video_production_app.Api - INFO - ✅ Found 6 compatible hardware encoder(s).
2025-11-30 14:43:04 - video_production_app.Api - INFO - Found 8 encoder(s): ['Automatic (Best GPU)', 'NVIDIA (H.264)', 'NVIDIA (HEVC)', 'AMD (H.264)', 'AMD (HEVC)', 'Intel (H.264)', 'Intel (HEVC)', 'CPU (x264)']
2025-11-30 14:43:04 - video_production_app.Api - INFO - 📊 Encoder detection complete. Found 8 option(s).
2025-11-30 14:43:04 - video_production_app.Api - DEBUG - Returning config with 8 encoders
2025-11-30 14:43:04 - video_production_app.Api - DEBUG - Getting AI settings
2025-11-30 14:43:13 - video_production_app.Api - INFO - Loading video: E:/lesage_november_task/deliverables/video_pipeline/download/2.mkv
2025-11-30 14:43:13 - video_production_app.Api - INFO - 🔎 Scanning for audio tracks in 2.mkv...

2025-11-30 14:43:13 - video_production_app.Api - INFO - ✅ Found 1 audio track(s).

2025-11-30 14:43:13 - video_production_app.Api - INFO - Successfully loaded video: 2.mkv (1562.50s, 1 tracks)
2025-11-30 14:43:13 - video_production_app.Api - INFO - Extracting waveforms for all tracks in E:/lesage_november_task/deliverables/video_pipeline/download/2.mkv...
2025-11-30 14:43:13 - video_production_app.Api - INFO - Preparing to extract waveforms for 1 track(s)
2025-11-30 14:43:13 - video_production_app.Api - INFO -   Track 0: stream_index=1, name=Track 1 (pcm_s16le)
2025-11-30 14:43:13 - video_production_app.Api - INFO - Waveform: 🔍 Starting waveform extraction for 1 track(s)...
2025-11-30 14:43:13 - video_production_app.Api - INFO - Waveform: 📊 Extracting waveform for Track 1...
2025-11-30 14:43:17 - video_production_app.Api - INFO - API initialized
2025-11-30 14:43:20 - video_production_app.Api - INFO - Getting app configuration
2025-11-30 14:43:20 - video_production_app.Api - INFO - ✅ Found FFmpeg locally.
2025-11-30 14:43:20 - video_production_app.Api - INFO - ✅ Found FFprobe locally.
2025-11-30 14:43:20 - video_production_app.Api - DEBUG - Starting encoder detection
2025-11-30 14:43:20 - video_production_app.Api - INFO - 🔍 Detecting available GPU encoders...
2025-11-30 14:43:20 - video_production_app.Api - INFO - 📋 FFmpeg encoder list length: 14046 chars
2025-11-30 14:43:20 - video_production_app.Api - INFO - ✓ Found: NVIDIA (H.264) (h264_nvenc)
2025-11-30 14:43:20 - video_production_app.Api - INFO - ✓ Found: NVIDIA (HEVC) (hevc_nvenc)
2025-11-30 14:43:20 - video_production_app.Api - INFO - ✓ Found: AMD (H.264) (h264_amf)
2025-11-30 14:43:20 - video_production_app.Api - INFO - ✓ Found: AMD (HEVC) (hevc_amf)
2025-11-30 14:43:20 - video_production_app.Api - INFO - ✓ Found: Intel (H.264) (h264_qsv)
2025-11-30 14:43:20 - video_production_app.Api - INFO - ✓ Found: Intel (HEVC) (hevc_qsv)
2025-11-30 14:43:20 - video_production_app.Api - INFO - ✓ Found: CPU (x264) (libx264)
2025-11-30 14:43:20 - video_production_app.Api - INFO - ✅ Found 6 compatible hardware encoder(s).
2025-11-30 14:43:20 - video_production_app.Api - INFO - Found 8 encoder(s): ['Automatic (Best GPU)', 'NVIDIA (H.264)', 'NVIDIA (HEVC)', 'AMD (H.264)', 'AMD (HEVC)', 'Intel (H.264)', 'Intel (HEVC)', 'CPU (x264)']
2025-11-30 14:43:20 - video_production_app.Api - INFO - 📊 Encoder detection complete. Found 8 option(s).
2025-11-30 14:43:20 - video_production_app.Api - DEBUG - Returning config with 8 encoders
2025-11-30 14:43:20 - video_production_app.Api - DEBUG - Getting AI settings
